Archive member included to satisfy reference by file (symbol)

d:/mcuxpresso/mcuxpressoide_11.9.0_2144/ide/plugins/com.nxp.mcuxpresso.tools.win32_11.9.0.202307121226/tools/bin/../lib/gcc/arm-none-eabi/12.3.1/../../../../arm-none-eabi/lib/thumb/v8-m.main+fp/hard\libcr_nohost_nf.a(_cr__main.o)
                              ./startup/startup_lpc55s69_cm33_core0.o (__main)
d:/mcuxpresso/mcuxpressoide_11.9.0_2144/ide/plugins/com.nxp.mcuxpresso.tools.win32_11.9.0.202307121226/tools/bin/../lib/gcc/arm-none-eabi/12.3.1/../../../../arm-none-eabi/lib/thumb/v8-m.main+fp/hard\libcr_c.a(cosf.o)
                              ./source/oled.o (cosf)
d:/mcuxpresso/mcuxpressoide_11.9.0_2144/ide/plugins/com.nxp.mcuxpresso.tools.win32_11.9.0.202307121226/tools/bin/../lib/gcc/arm-none-eabi/12.3.1/../../../../arm-none-eabi/lib/thumb/v8-m.main+fp/hard\libcr_c.a(expf.o)
                              ./CMSIS/DSP/Source/StatisticsFunctions/StatisticsFunctions.o (expf)
d:/mcuxpresso/mcuxpressoide_11.9.0_2144/ide/plugins/com.nxp.mcuxpresso.tools.win32_11.9.0.202307121226/tools/bin/../lib/gcc/arm-none-eabi/12.3.1/../../../../arm-none-eabi/lib/thumb/v8-m.main+fp/hard\libcr_c.a(fabsf.o)
                              ./CMSIS/DSP/Source/StatisticsFunctions/StatisticsFunctions.o (fabsf)
d:/mcuxpresso/mcuxpressoide_11.9.0_2144/ide/plugins/com.nxp.mcuxpresso.tools.win32_11.9.0.202307121226/tools/bin/../lib/gcc/arm-none-eabi/12.3.1/../../../../arm-none-eabi/lib/thumb/v8-m.main+fp/hard\libcr_c.a(ldexpf.o)
                              d:/mcuxpresso/mcuxpressoide_11.9.0_2144/ide/plugins/com.nxp.mcuxpresso.tools.win32_11.9.0.202307121226/tools/bin/../lib/gcc/arm-none-eabi/12.3.1/../../../../arm-none-eabi/lib/thumb/v8-m.main+fp/hard\libcr_c.a(expf.o) (ldexpf)
d:/mcuxpresso/mcuxpressoide_11.9.0_2144/ide/plugins/com.nxp.mcuxpresso.tools.win32_11.9.0.202307121226/tools/bin/../lib/gcc/arm-none-eabi/12.3.1/../../../../arm-none-eabi/lib/thumb/v8-m.main+fp/hard\libcr_c.a(logf.o)
                              ./CMSIS/DSP/Source/StatisticsFunctions/StatisticsFunctions.o (logf)
d:/mcuxpresso/mcuxpressoide_11.9.0_2144/ide/plugins/com.nxp.mcuxpresso.tools.win32_11.9.0.202307121226/tools/bin/../lib/gcc/arm-none-eabi/12.3.1/../../../../arm-none-eabi/lib/thumb/v8-m.main+fp/hard\libcr_c.a(powf.o)
                              ./CMSIS/DSP/Source/DistanceFunctions/DistanceFunctions.o (powf)
d:/mcuxpresso/mcuxpressoide_11.9.0_2144/ide/plugins/com.nxp.mcuxpresso.tools.win32_11.9.0.202307121226/tools/bin/../lib/gcc/arm-none-eabi/12.3.1/../../../../arm-none-eabi/lib/thumb/v8-m.main+fp/hard\libcr_c.a(sinf.o)
                              ./source/oled.o (sinf)
d:/mcuxpresso/mcuxpressoide_11.9.0_2144/ide/plugins/com.nxp.mcuxpresso.tools.win32_11.9.0.202307121226/tools/bin/../lib/gcc/arm-none-eabi/12.3.1/../../../../arm-none-eabi/lib/thumb/v8-m.main+fp/hard\libcr_c.a(sqrtf_m4_hardfp.o)
                              ./CMSIS/DSP/Source/StatisticsFunctions/StatisticsFunctions.o (sqrtf)
d:/mcuxpresso/mcuxpressoide_11.9.0_2144/ide/plugins/com.nxp.mcuxpresso.tools.win32_11.9.0.202307121226/tools/bin/../lib/gcc/arm-none-eabi/12.3.1/../../../../arm-none-eabi/lib/thumb/v8-m.main+fp/hard\libcr_c.a(tanhf.o)
                              ./CMSIS/DSP/Source/SVMFunctions/SVMFunctions.o (tanhf)
d:/mcuxpresso/mcuxpressoide_11.9.0_2144/ide/plugins/com.nxp.mcuxpresso.tools.win32_11.9.0.202307121226/tools/bin/../lib/gcc/arm-none-eabi/12.3.1/../../../../arm-none-eabi/lib/thumb/v8-m.main+fp/hard\libcr_c.a(memcpy.o)
                              ./utilities/fsl_str.o (memcpy)
d:/mcuxpresso/mcuxpressoide_11.9.0_2144/ide/plugins/com.nxp.mcuxpresso.tools.win32_11.9.0.202307121226/tools/bin/../lib/gcc/arm-none-eabi/12.3.1/../../../../arm-none-eabi/lib/thumb/v8-m.main+fp/hard\libcr_c.a(memset.o)
                              ./utilities/fsl_debug_console.o (memset)
d:/mcuxpresso/mcuxpressoide_11.9.0_2144/ide/plugins/com.nxp.mcuxpresso.tools.win32_11.9.0.202307121226/tools/bin/../lib/gcc/arm-none-eabi/12.3.1/../../../../arm-none-eabi/lib/thumb/v8-m.main+fp/hard\libcr_c.a(alloc.o)
                              ./drivers/fsl_common.o (malloc)
d:/mcuxpresso/mcuxpressoide_11.9.0_2144/ide/plugins/com.nxp.mcuxpresso.tools.win32_11.9.0.202307121226/tools/bin/../lib/gcc/arm-none-eabi/12.3.1/../../../../arm-none-eabi/lib/thumb/v8-m.main+fp/hard\libcr_c.a(errno.o)
                              ./utilities/fsl_str.o (errno)
d:/mcuxpresso/mcuxpressoide_11.9.0_2144/ide/plugins/com.nxp.mcuxpresso.tools.win32_11.9.0.202307121226/tools/bin/../lib/gcc/arm-none-eabi/12.3.1/../../../../arm-none-eabi/lib/thumb/v8-m.main+fp/hard\libcr_c.a(fabs.o)
                              ./CMSIS/DSP/Source/MatrixFunctions/MatrixFunctions.o (fabs)
d:/mcuxpresso/mcuxpressoide_11.9.0_2144/ide/plugins/com.nxp.mcuxpresso.tools.win32_11.9.0.202307121226/tools/bin/../lib/gcc/arm-none-eabi/12.3.1/../../../../arm-none-eabi/lib/thumb/v8-m.main+fp/hard\libcr_c.a(initio.o)
[...]
Memory Configuration

Name             Origin             Length             Attributes
PROGRAM_FLASH    0x00000000         0x0009d800         xr
SRAM             0x20000000         0x00040000         xrw
SRAMX            0x04000000         0x00008000         xrw
USB_RAM          0x40100000         0x00004000         xrw
SRAM4            0x20040000         0x00004000         xrw
*default*        0x00000000         0xffffffff

Linker script and memory map

LOAD ./utilities/fsl_assert.o
LOAD ./utilities/fsl_debug_console.o
LOAD ./utilities/fsl_str.o
LOAD ./startup/boot_multicore_slave.o
LOAD ./startup/startup_lpc55s69_cm33_core0.o
LOAD ./source/ToF.o
LOAD ./source/arm_svm_example.o
LOAD ./source/oled.o
LOAD ./source/platform.o
LOAD ./source/semihost_hardfault.o
LOAD ./source/vl53l5cx_api.o
LOAD ./drivers/fsl_clock.o
LOAD ./drivers/fsl_common.o
LOAD ./drivers/fsl_common_arm.o
LOAD ./drivers/fsl_flexcomm.o
LOAD ./drivers/fsl_gpio.o
LOAD ./drivers/fsl_i2c.o
LOAD ./drivers/fsl_inputmux.o
LOAD ./drivers/fsl_pint.o
LOAD ./drivers/fsl_power.o
LOAD ./drivers/fsl_reset.o
LOAD ./drivers/fsl_usart.o
LOAD ./device/system_LPC55S69_cm33_core0.o
LOAD ./component/uart/fsl_adapter_usart.o
LOAD ./component/serial_manager/fsl_component_serial_manager.o
LOAD ./component/serial_manager/fsl_component_serial_port_uart.o
LOAD ./component/lists/fsl_component_generic_list.o
LOAD ./board/board.o
LOAD ./board/clock_config.o
LOAD ./board/peripherals.o
LOAD ./board/pin_mux.o
LOAD ./CMSIS/DSP/Source/TransformFunctions/TransformFunctions.o
LOAD ./CMSIS/DSP/Source/TransformFunctions/TransformFunctionsF16.o
LOAD ./CMSIS/DSP/Source/TransformFunctions/arm_bitreversal2.o
LOAD ./CMSIS/DSP/Source/SupportFunctions/SupportFunctions.o
LOAD ./CMSIS/DSP/Source/SupportFunctions/SupportFunctionsF16.o
LOAD ./CMSIS/DSP/Source/StatisticsFunctions/StatisticsFunctions.o
LOAD ./CMSIS/DSP/Source/StatisticsFunctions/StatisticsFunctionsF16.o
LOAD ./CMSIS/DSP/Source/SVMFunctions/SVMFunctions.o
LOAD ./CMSIS/DSP/Source/SVMFunctions/SVMFunctionsF16.o
LOAD ./CMSIS/DSP/Source/QuaternionMathFunctions/QuaternionMathFunctions.o
LOAD ./CMSIS/DSP/Source/MatrixFunctions/MatrixFunctions.o
LOAD ./CMSIS/DSP/Source/MatrixFunctions/MatrixFunctionsF16.o
LOAD ./CMSIS/DSP/Source/InterpolationFunctions/InterpolationFunctions.o
LOAD ./CMSIS/DSP/Source/InterpolationFunctions/InterpolationFunctionsF16.o
LOAD ./CMSIS/DSP/Source/FilteringFunctions/FilteringFunctions.o
LOAD ./CMSIS/DSP/Source/FilteringFunctions/FilteringFunctionsF16.o
LOAD ./CMSIS/DSP/Source/FastMathFunctions/FastMathFunctions.o
LOAD ./CMSIS/DSP/Source/FastMathFunctions/FastMathFunctionsF16.o
LOAD ./CMSIS/DSP/Source/DistanceFunctions/DistanceFunctions.o
LOAD ./CMSIS/DSP/Source/DistanceFunctions/DistanceFunctionsF16.o
LOAD ./CMSIS/DSP/Source/ControllerFunctions/ControllerFunctions.o
LOAD ./CMSIS/DSP/Source/ComplexMathFunctions/ComplexMathFunctions.o
LOAD ./CMSIS/DSP/Source/ComplexMathFunctions/ComplexMathFunctionsF16.o
LOAD ./CMSIS/DSP/Source/CommonTables/CommonTables.o
LOAD ./CMSIS/DSP/Source/CommonTables/CommonTablesF16.o
LOAD ./CMSIS/DSP/Source/BayesFunctions/BayesFunctions.o
LOAD ./CMSIS/DSP/Source/BayesFunctions/BayesFunctionsF16.o
LOAD ./CMSIS/DSP/Source/BasicMathFunctions/BasicMathFunctions.o
LOAD ./CMSIS/DSP/Source/BasicMathFunctions/BasicMathFunctionsF16.o
START GROUP
LOAD d:/mcuxpresso/mcuxpressoide_11.9.0_2144/ide/plugins/com.nxp.mcuxpresso.tools.win32_11.9.0.202307121226/tools/bin/../lib/gcc/arm-none-eabi/12.3.1/../../../../arm-none-eabi/lib/thumb/v8-m.main+fp/hard\libcr_nohost_nf.a
LOAD d:/mcuxpresso/mcuxpressoide_11.9.0_2144/ide/plugins/com.nxp.mcuxpresso.tools.win32_11.9.0.202307121226/tools/bin/../lib/gcc/arm-none-eabi/12.3.1/../../../../arm-none-eabi/lib/thumb/v8-m.main+fp/hard\libcr_c.a
LOAD d:/mcuxpresso/mcuxpressoide_11.9.0_2144/ide/plugins/com.nxp.mcuxpresso.tools.win32_11.9.0.202307121226/tools/bin/../lib/gcc/arm-none-eabi/12.3.1/thumb/v8-m.main+fp/hard\libcr_eabihelpers.a
LOAD d:/mcuxpresso/mcuxpressoide_11.9.0_2144/ide/plugins/com.nxp.mcuxpresso.tools.win32_11.9.0.202307121226/tools/bin/../lib/gcc/arm-none-eabi/12.3.1/thumb/v8-m.main+fp/hard\libgcc.a
END GROUP
                0x00000000                        __base_PROGRAM_FLASH = 0x0
                0x00000000                        __base_Flash = 0x0
                0x0009d800                        __top_PROGRAM_FLASH = 0x9d800
                0x0009d800                        __top_Flash = 0x9d800
                0x20000000                        __base_SRAM = 0x20000000
                0x20000000                        __base_RAM = 0x20000000
                0x20040000                        __top_SRAM = 0x20040000
                0x20040000                        __top_RAM = 0x20040000
                0x04000000                        __base_SRAMX = 0x4000000
                0x04000000                        __base_RAM2 = 0x4000000
                0x04008000                        __top_SRAMX = 0x4008000
                0x04008000                        __top_RAM2 = 0x4008000
                0x40100000                        __base_USB_RAM = 0x40100000
                0x40100000                        __base_RAM3 = 0x40100000
                0x40104000                        __top_USB_RAM = 0x40104000
                0x40104000                        __top_RAM3 = 0x40104000
                0x20040000                        __base_SRAM4 = 0x20040000
                0x20040000                        __base_RAM4 = 0x20040000
                0x20044000                        __top_SRAM4 = 0x20044000
                0x20044000                        __top_RAM4 = 0x20044000

.text           0x00000000    0x1d8bc
 FILL mask 0xff
                0x00000000                        __vectors_start__ = ABSOLUTE (.)
 *(SORT_BY_ALIGNMENT(.isr_vector))
 .isr_vector    0x00000000      0x130 ./startup/startup_lpc55s69_cm33_core0.o
                0x00000000                g_pfnVectors
                0x00000000                __Vectors
                0x00000130                        . = ALIGN (0x4)
                0x00000130                        __section_table_start = .
                0x00000130                        __data_section_table = .
                0x00000130        0x4 LONG 0x1d8bc LOADADDR (.data)
                0x00000134        0x4 LONG 0x20000000 ADDR (.data)
                0x00000138        0x4 LONG 0x14114 SIZEOF (.data)
                0x0000013c        0x4 LONG 0x1d8bc LOADADDR (.data_RAM2)
                0x00000140        0x4 LONG 0x4000000 ADDR (.data_RAM2)
                0x00000144        0x4 LONG 0x0 SIZEOF (.data_RAM2)
                0x00000148        0x4 LONG 0x1d8bc LOADADDR (.data_RAM3)
                0x0000014c        0x4 LONG 0x40100000 ADDR (.data_RAM3)
                0x00000150        0x4 LONG 0x0 SIZEOF (.data_RAM3)
                0x00000154        0x4 LONG 0x1d8bc LOADADDR (.data_RAM4)
                0x00000158        0x4 LONG 0x20040000 ADDR (.data_RAM4)
                0x0000015c        0x4 LONG 0x0 SIZEOF (.data_RAM4)
                0x00000160                        __data_section_table_end = .
                0x00000160                        __bss_section_table = .
                0x00000160        0x4 LONG 0x20014114 ADDR (.bss)
                0x00000164        0x4 LONG 0x16a0 SIZEOF (.bss)
                0x00000168        0x4 LONG 0x4000000 ADDR (.bss_RAM2)
                0x0000016c        0x4 LONG 0x0 SIZEOF (.bss_RAM2)
                0x00000170        0x4 LONG 0x40100000 ADDR (.bss_RAM3)
                0x00000174        0x4 LONG 0x0 SIZEOF (.bss_RAM3)
                0x00000178        0x4 LONG 0x20040000 ADDR (.bss_RAM4)
                0x0000017c        0x4 LONG 0x0 SIZEOF (.bss_RAM4)
                0x00000180                        __bss_section_table_end = .
                0x00000180                        __section_table_end = .
 *(SORT_BY_ALIGNMENT(.after_vectors*))
 .after_vectors.reset
                0x00000180       0x68 ./startup/startup_lpc55s69_cm33_core0.o
                0x00000180                ResetISR
 .after_vectors.init_data
                0x000001e8       0x1e ./startup/startup_lpc55s69_cm33_core0.o
                0x000001e8                data_init
 .after_vectors.init_bss
                0x00000206       0x12 ./startup/startup_lpc55s69_cm33_core0.o
                0x00000206                bss_init
 .after_vectors
                0x00000218       0x16 ./startup/startup_lpc55s69_cm33_core0.o
                0x00000218                NMI_Handler
                0x0000021c                MemManage_Handler
                0x0000021e                BusFault_Handler
                0x00000220                UsageFault_Handler
                0x00000222                SecureFault_Handler
                0x00000224                SVC_Handler
                0x00000226                DebugMon_Handler
                0x00000228                PendSV_Handler
                0x0000022a                SysTick_Handler
                0x0000022c                CTIMER2_DriverIRQHandler
                0x0000022c                Reserved56_DriverIRQHandler
                0x0000022c                IntDefaultHandler
                0x0000022c                USB0_DriverIRQHandler
                0x0000022c                CASER_DriverIRQHandler
                0x0000022c                MRT0_DriverIRQHandler
                0x0000022c                UTICK0_DriverIRQHandler
                0x0000022c                Reserved41_DriverIRQHandler
                0x0000022c                CTIMER4_DriverIRQHandler
                0x0000022c                GINT1_DriverIRQHandler
                0x0000022c                Reserved55_DriverIRQHandler
                0x0000022c                HASHCRYPT_DriverIRQHandler
                0x0000022c                USB0_NEEDCLK_DriverIRQHandler
                0x0000022c                SEC_VIO_DriverIRQHandler
                0x0000022c                CTIMER1_DriverIRQHandler
                0x0000022c                Reserved42_DriverIRQHandler
                0x0000022c                PQ_DriverIRQHandler
                0x0000022c                MAILBOX_DriverIRQHandler
                0x0000022c                CTIMER3_DriverIRQHandler
                0x0000022c                Reserved61_DriverIRQHandler
                0x0000022c                PUF_DriverIRQHandler
                0x0000022c                RTC_DriverIRQHandler
                0x0000022c                DMA0_DriverIRQHandler
                0x0000022c                Reserved39_DriverIRQHandler
                0x0000022c                USB1_DriverIRQHandler
                0x0000022c                Reserved60_DriverIRQHandler
                0x0000022c                DMA1_DriverIRQHandler
                0x0000022c                ADC0_DriverIRQHandler
                0x0000022c                USB1_NEEDCLK_DriverIRQHandler
                0x0000022c                Reserved59_DriverIRQHandler
                0x0000022c                SDIO_DriverIRQHandler
                0x0000022c                GINT0_DriverIRQHandler
                0x0000022c                USB1_PHY_DriverIRQHandler
                0x0000022c                ACMP_DriverIRQHandler
                0x0000022c                Reserved57_DriverIRQHandler
                0x0000022c                CTIMER0_DriverIRQHandler
                0x0000022c                Reserved46_DriverIRQHandler
                0x0000022c                WDT_BOD_DriverIRQHandler
                0x0000022c                SCT0_DriverIRQHandler
                0x0000022c                PLU_DriverIRQHandler
                0x0000022c                OS_EVENT_DriverIRQHandler
                0x0000022c                SEC_HYPERVISOR_CALL_DriverIRQHandler
 *(SORT_BY_ALIGNMENT(.text*))
 *fill*         0x0000022e        0x2 ff
 .text.__assertion_failed
                0x00000230       0x18 ./utilities/fsl_assert.o
                0x00000230                __assertion_failed
 .text.DbgConsole_SendDataReliable
                0x00000248       0x54 ./utilities/fsl_debug_console.o
                0x00000248                DbgConsole_SendDataReliable
 .text.DbgConsole_Init
                0x0000029c      0x128 ./utilities/fsl_debug_console.o
                0x0000029c                DbgConsole_Init
 .text.DbgConsole_Vprintf
                0x000003c4       0x6c ./utilities/fsl_debug_console.o
                0x000003c4                DbgConsole_Vprintf
 .text.delay_ms
                0x00000430       0x34 ./source/ToF.o
                0x00000430                delay_ms
 .text.cbToF_Ready
                0x00000464      0x17c ./source/ToF.o
                0x00000464                cbToF_Ready
 .text.main     0x000005e0      0x168 ./source/ToF.o
                0x000005e0                main
 .text.initParams
                0x00000748       0x68 ./source/arm_svm_example.o
                0x00000748                initParams
 .text.predict  0x000007b0      0x10c ./source/arm_svm_example.o
                0x000007b0                predict
 .text.OLED_Write_Byte
                0x000008bc       0x64 ./source/oled.o
 .text.OLED_Init
                0x00000920       0xf8 ./source/oled.o
                0x00000920                OLED_Init
 .text.OLED_Refresh_Gram
                0x00000a18       0x70 ./source/oled.o
                0x00000a18                OLED_Refresh_Gram
 .text.OLED_Clear_Screen
                0x00000a88       0x6c ./source/oled.o
                0x00000a88                OLED_Clear_Screen
 .text.OLED_Draw_Point
                0x00000af4       0xa8 ./source/oled.o
                0x00000af4                OLED_Draw_Point
 .text.OLED_Puts
                0x00000b9c       0xb0 ./source/oled.o
                0x00000b9c                OLED_Puts
 .text._vl53l5cx_send_offset_data
                0x00000c4c      0x370 ./source/vl53l5cx_api.o
 .text._vl53l5cx_send_xtalk_data
                0x00000fbc      0x29c ./source/vl53l5cx_api.o
 .text.vl53l5cx_init
                0x00001258      0x7f4 ./source/vl53l5cx_api.o
                0x00001258                vl53l5cx_init
 .text.vl53l5cx_start_ranging
                0x00001a4c      0x2b4 ./source/vl53l5cx_api.o
                0x00001a4c                vl53l5cx_start_ranging
 .text.vl53l5cx_get_ranging_data
                0x00001d00      0x37c ./source/vl53l5cx_api.o
                0x00001d00                vl53l5cx_get_ranging_data
 .text.vl53l5cx_dci_read_data
                0x0000207c      0x114 ./source/vl53l5cx_api.o
                0x0000207c                vl53l5cx_dci_read_data
 .text.POWER_EnablePD
                0x00002190       0x20 ./drivers/fsl_clock.o
 .text.POWER_DisablePD
                0x000021b0       0x20 ./drivers/fsl_clock.o
 .text.CLOCK_AttachClk
                0x000021d0       0x98 ./drivers/fsl_clock.o
                0x000021d0                CLOCK_AttachClk
 .text.CLOCK_SetClkDiv
                0x00002268       0x80 ./drivers/fsl_clock.o
                0x00002268                CLOCK_SetClkDiv
 .text.CLOCK_SetupFROClocking
                0x000022e8       0x80 ./drivers/fsl_clock.o
                0x000022e8                CLOCK_SetupFROClocking
 .text.CLOCK_SetFLASHAccessCyclesForFreq
                0x00002368      0x148 ./drivers/fsl_clock.o
                0x00002368                CLOCK_SetFLASHAccessCyclesForFreq
 .text.CLOCK_SetupExtClocking
                0x000024b0       0x50 ./drivers/fsl_clock.o
                0x000024b0                CLOCK_SetupExtClocking
 .text.CLOCK_GetFro1MFreq
                0x00002500       0x28 ./drivers/fsl_clock.o
                0x00002500                CLOCK_GetFro1MFreq
 .text.CLOCK_GetExtClkFreq
                0x00002528       0x2c ./drivers/fsl_clock.o
                0x00002528                CLOCK_GetExtClkFreq
 .text.CLOCK_GetOsc32KFreq
                0x00002554       0x58 ./drivers/fsl_clock.o
                0x00002554                CLOCK_GetOsc32KFreq
 .text.CLOCK_GetPLL0InClockRate
                0x000025ac       0x64 ./drivers/fsl_clock.o
                0x000025ac                CLOCK_GetPLL0InClockRate
 .text.CLOCK_SetPLL0Freq
                0x00002610      0x12c ./drivers/fsl_clock.o
                0x00002610                CLOCK_SetPLL0Freq
 .text.SDK_DelayAtLeastUs
                0x0000273c       0x8c ./drivers/fsl_common_arm.o
                0x0000273c                SDK_DelayAtLeastUs
 .text.FLEXCOMM_GetInstance
                0x000027c8       0x50 ./drivers/fsl_flexcomm.o
                0x000027c8                FLEXCOMM_GetInstance
 .text.FLEXCOMM_Init
                0x00002818       0x50 ./drivers/fsl_flexcomm.o
                0x00002818                FLEXCOMM_Init
 .text.FLEXCOMM0_DriverIRQHandler
                0x00002868       0x5c ./drivers/fsl_flexcomm.o
                0x00002868                FLEXCOMM0_DriverIRQHandler
 .text.FLEXCOMM1_DriverIRQHandler
                0x000028c4       0x5c ./drivers/fsl_flexcomm.o
                0x000028c4                FLEXCOMM1_DriverIRQHandler
 .text.FLEXCOMM2_DriverIRQHandler
                0x00002920       0x5c ./drivers/fsl_flexcomm.o
                0x00002920                FLEXCOMM2_DriverIRQHandler
 .text.FLEXCOMM3_DriverIRQHandler
                0x0000297c       0x5c ./drivers/fsl_flexcomm.o
                0x0000297c                FLEXCOMM3_DriverIRQHandler
 .text.FLEXCOMM4_DriverIRQHandler
                0x000029d8       0x5c ./drivers/fsl_flexcomm.o
                0x000029d8                FLEXCOMM4_DriverIRQHandler
 .text.FLEXCOMM5_DriverIRQHandler
                0x00002a34       0x5c ./drivers/fsl_flexcomm.o
                0x00002a34                FLEXCOMM5_DriverIRQHandler
 .text.FLEXCOMM6_DriverIRQHandler
                0x00002a90       0x5c ./drivers/fsl_flexcomm.o
                0x00002a90                FLEXCOMM6_DriverIRQHandler
 .text.FLEXCOMM7_DriverIRQHandler
                0x00002aec       0x5c ./drivers/fsl_flexcomm.o
                0x00002aec                FLEXCOMM7_DriverIRQHandler
 .text.FLEXCOMM8_DriverIRQHandler
                0x00002b48       0x5c ./drivers/fsl_flexcomm.o
                0x00002b48                FLEXCOMM8_DriverIRQHandler
 .text.GPIO_EnablePortClock
                0x00002ba4       0x34 ./drivers/fsl_gpio.o
 .text.I2C_ClearStatusFlags
                0x00002bd8       0x2c ./drivers/fsl_i2c.o
 .text.I2C_MasterSetBaudRate
                0x00002c04      0x13c ./drivers/fsl_i2c.o
                0x00002c04                I2C_MasterSetBaudRate
 .text.I2C_MasterSetTimeoutValue
                0x00002d40       0x74 ./drivers/fsl_i2c.o
                0x00002d40                I2C_MasterSetTimeoutValue
 .text.I2C_PendingStatusWait
                0x00002db4       0x74 ./drivers/fsl_i2c.o
 .text.I2C_MasterWriteBlocking
                0x00002e28       0xe4 ./drivers/fsl_i2c.o
                0x00002e28                I2C_MasterWriteBlocking
 .text.I2C_MasterReadBlocking
                0x00002f0c       0xcc ./drivers/fsl_i2c.o
                0x00002f0c                I2C_MasterReadBlocking
 .text.__NVIC_EnableIRQ
                0x00002fd8       0x3c ./drivers/fsl_pint.o
 .text.__NVIC_ClearPendingIRQ
                0x00003014       0x3c ./drivers/fsl_pint.o
 .text.PINT_Init
                0x00003050       0xd4 ./drivers/fsl_pint.o
                0x00003050                PINT_Init
 .text.PINT_PinInterruptConfig
                0x00003124       0xd0 ./drivers/fsl_pint.o
                0x00003124                PINT_PinInterruptConfig
 .text.PINT_EnableCallbackByIndex
                0x000031f4       0x5c ./drivers/fsl_pint.o
                0x000031f4                PINT_EnableCallbackByIndex
 .text.SEC_GPIO_INT0_IRQ0_DriverIRQHandler
                0x00003250       0x48 ./drivers/fsl_pint.o
                0x00003250                SEC_GPIO_INT0_IRQ0_DriverIRQHandler
 .text.SEC_GPIO_INT0_IRQ1_DriverIRQHandler
                0x00003298       0x44 ./drivers/fsl_pint.o
                0x00003298                SEC_GPIO_INT0_IRQ1_DriverIRQHandler
 .text.PIN_INT0_DriverIRQHandler
                0x000032dc       0x48 ./drivers/fsl_pint.o
                0x000032dc                PIN_INT0_DriverIRQHandler
 .text.PIN_INT1_DriverIRQHandler
                0x00003324       0x48 ./drivers/fsl_pint.o
                0x00003324                PIN_INT1_DriverIRQHandler
 .text.PIN_INT2_DriverIRQHandler
                0x0000336c       0x48 ./drivers/fsl_pint.o
                0x0000336c                PIN_INT2_DriverIRQHandler
 .text.PIN_INT3_DriverIRQHandler
                0x000033b4       0x48 ./drivers/fsl_pint.o
                0x000033b4                PIN_INT3_DriverIRQHandler
 .text.PIN_INT4_DriverIRQHandler
                0x000033fc       0x48 ./drivers/fsl_pint.o
                0x000033fc                PIN_INT4_DriverIRQHandler
 .text.PIN_INT5_DriverIRQHandler
                0x00003444       0x48 ./drivers/fsl_pint.o
                0x00003444                PIN_INT5_DriverIRQHandler
 .text.PIN_INT6_DriverIRQHandler
                0x0000348c       0x48 ./drivers/fsl_pint.o
                0x0000348c                PIN_INT6_DriverIRQHandler
 .text.PIN_INT7_DriverIRQHandler
                0x000034d4       0x48 ./drivers/fsl_pint.o
                0x000034d4                PIN_INT7_DriverIRQHandler
 .text.lowpower_set_system_voltage
                0x0000351c      0x154 ./drivers/fsl_power.o
 .text.lowpower_set_dcdc_power_profile
                0x00003670       0xec ./drivers/fsl_power.o
 .text.lowpower_get_part_process_corner
                0x0000375c       0x94 ./drivers/fsl_power.o
 .text.POWER_SetVoltageForFreq
                0x000037f0       0x50 ./drivers/fsl_power.o
                0x000037f0                POWER_SetVoltageForFreq
 .text.RESET_SetPeripheralReset
                0x00003840       0x5c ./drivers/fsl_reset.o
                0x00003840                RESET_SetPeripheralReset
 .text.RESET_ClearPeripheralReset
                0x0000389c       0x60 ./drivers/fsl_reset.o
                0x0000389c                RESET_ClearPeripheralReset
 .text.USART_Init
                0x000038fc      0x1cc ./drivers/fsl_usart.o
                0x000038fc                USART_Init
 .text.USART_GetDefaultConfig
                0x00003ac8       0x80 ./drivers/fsl_usart.o
                0x00003ac8                USART_GetDefaultConfig
 .text.USART_SetBaudRate
                0x00003b48      0x174 ./drivers/fsl_usart.o
                0x00003b48                USART_SetBaudRate
 .text.USART_WriteBlocking
                0x00003cbc       0x8c ./drivers/fsl_usart.o
                0x00003cbc                USART_WriteBlocking
 .text.SystemInit
                0x00003d48       0x64 ./device/system_LPC55S69_cm33_core0.o
                0x00003d48                SystemInit
 .text.HAL_UartInitCommon
                0x00003dac      0x110 ./component/uart/fsl_adapter_usart.o
 .text.HAL_UartSendBlocking
                0x00003ebc       0x64 ./component/uart/fsl_adapter_usart.o
                0x00003ebc                HAL_UartSendBlocking
 .text.BOARD_InitDebugConsole
                0x00003f20       0x38 ./board/board.o
                0x00003f20                BOARD_InitDebugConsole
 .text.POWER_DisablePD
                0x00003f58       0x20 ./board/clock_config.o
 .text.BOARD_BootClockPLL150M
                0x00003f78      0x104 ./board/clock_config.o
                0x00003f78                BOARD_BootClockPLL150M
 .text.FLEXCOMM4_init
                0x0000407c       0x20 ./board/peripherals.o
 .text.PINT_init
                0x0000409c       0x24 ./board/peripherals.o
 .text.FLEXCOMM1_init
                0x000040c0       0x20 ./board/peripherals.o
 .text.BOARD_InitDEBUG_UARTPins
                0x000040e0       0x3c ./board/pin_mux.o
                0x000040e0                BOARD_InitDEBUG_UARTPins
 .text.BOARD_ToFCamPins
                0x0000411c       0xfc ./board/pin_mux.o
                0x0000411c                BOARD_ToFCamPins
 .text.BOARD_InitOledPins
                0x00004218       0x44 ./board/pin_mux.o
                0x00004218                BOARD_InitOledPins
 .text.malloc   0x0000425c       0xe8 d:/mcuxpresso/mcuxpressoide_11.9.0_2144/ide/plugins/com.nxp.mcuxpresso.tools.win32_11.9.0.202307121226/tools/bin/../lib/gcc/arm-none-eabi/12.3.1/../../../../arm-none-eabi/lib/thumb/v8-m.main+fp/hard\libcr_c.a(alloc.o)
                0x0000425c                malloc
 .text._Csys_alloc
                0x00004344       0x20 d:/mcuxpresso/mcuxpressoide_11.9.0_2144/ide/plugins/com.nxp.mcuxpresso.tools.win32_11.9.0.202307121226/tools/bin/../lib/gcc/arm-none-eabi/12.3.1/../../../../arm-none-eabi/lib/thumb/v8-m.main+fp/hard\libcr_c.a(alloc.o)
                0x00004344                _Csys_alloc
 .text._initio  0x00004364       0x78 d:/mcuxpresso/mcuxpressoide_11.9.0_2144/ide/plugins/com.nxp.mcuxpresso.tools.win32_11.9.0.202307121226/tools/bin/../lib/gcc/arm-none-eabi/12.3.1/../../../../arm-none-eabi/lib/thumb/v8-m.main+fp/hard\libcr_c.a(initio.o)
                0x00004364                _initio
 .text.__vfprintf
                0x000043dc      0xb78 d:/mcuxpresso/mcuxpressoide_11.9.0_2144/ide/plugins/com.nxp.mcuxpresso.tools.win32_11.9.0.202307121226/tools/bin/../lib/gcc/arm-none-eabi/12.3.1/../../../../arm-none-eabi/lib/thumb/v8-m.main+fp/hard\libcr_c.a(printf.o)
                0x000043dc                __vfprintf
 .text._sprintf
                0x00004f54       0x6c d:/mcuxpresso/mcuxpressoide_11.9.0_2144/ide/plugins/com.nxp.mcuxpresso.tools.win32_11.9.0.202307121226/tools/bin/../lib/gcc/arm-none-eabi/12.3.1/../../../../arm-none-eabi/lib/thumb/v8-m.main+fp/hard\libcr_c.a(printf.o)
                0x00004f54                _sprintf
 .text._sbrk    0x00004fc0       0x3c d:/mcuxpresso/mcuxpressoide_11.9.0_2144/ide/plugins/com.nxp.mcuxpresso.tools.win32_11.9.0.202307121226/tools/bin/../lib/gcc/arm-none-eabi/12.3.1/../../../../arm-none-eabi/lib/thumb/v8-m.main+fp/hard\libcr_c.a(_cr_sbrk.o)
                0x00004fc0                _sbrk
 .text._Cwritebuf
                0x00004ffc       0x6c d:/mcuxpresso/mcuxpressoide_11.9.0_2144/ide/plugins/com.nxp.mcuxpresso.tools.win32_11.9.0.202307121226/tools/bin/../lib/gcc/arm-none-eabi/12.3.1/../../../../arm-none-eabi/lib/thumb/v8-m.main+fp/hard\libcr_c.a(_writebuf.o)
                0x00004ffc                _Cwritebuf
 .text.fflush   0x00005068       0x3c d:/mcuxpresso/mcuxpressoide_11.9.0_2144/ide/plugins/com.nxp.mcuxpresso.tools.win32_11.9.0.202307121226/tools/bin/../lib/gcc/arm-none-eabi/12.3.1/../../../../arm-none-eabi/lib/thumb/v8-m.main+fp/hard\libcr_c.a(fflush.o)
                0x00005068                fflush
 .text.fseek    0x000050a4       0xf8 d:/mcuxpresso/mcuxpressoide_11.9.0_2144/ide/plugins/com.nxp.mcuxpresso.tools.win32_11.9.0.202307121226/tools/bin/../lib/gcc/arm-none-eabi/12.3.1/../../../../arm-none-eabi/lib/thumb/v8-m.main+fp/hard\libcr_c.a(fseek.o)
                0x000050a4                fseek
 .text.ftell    0x0000519c       0x44 d:/mcuxpresso/mcuxpressoide_11.9.0_2144/ide/plugins/com.nxp.mcuxpresso.tools.win32_11.9.0.202307121226/tools/bin/../lib/gcc/arm-none-eabi/12.3.1/../../../../arm-none-eabi/lib/thumb/v8-m.main+fp/hard\libcr_c.a(ftell.o)
                0x0000519c                ftell
 .text.__check_heap_overflow
                0x000051e0       0x18 d:/mcuxpresso/mcuxpressoide_11.9.0_2144/ide/plugins/com.nxp.mcuxpresso.tools.win32_11.9.0.202307121226/tools/bin/../lib/gcc/arm-none-eabi/12.3.1/../../../../arm-none-eabi/lib/thumb/v8-m.main+fp/hard\libcr_c.a(_cr_check_heap.o)
                0x000051e0                __check_heap_overflow
 .text.DbgConsole_PrintCallback
                0x000051f8       0x66 ./utilities/fsl_debug_console.o
 .text.DbgConsole_Printf
                0x0000525e       0x2c ./utilities/fsl_debug_console.o
                0x0000525e                DbgConsole_Printf
 .text.PrintGetWidth
                0x0000528a       0x6a ./utilities/fsl_str.o
 .text.PrintGetPrecision
                0x000052f4       0x8c ./utilities/fsl_str.o
 .text.PrintIsobpu
                0x00005380       0x38 ./utilities/fsl_str.o
 .text.PrintIsdi
                0x000053b8       0x2c ./utilities/fsl_str.o
 .text.PrintOutputdifFobpu
                0x000053e4       0x44 ./utilities/fsl_str.o
 .text.PrintOutputxX
                0x00005428       0x44 ./utilities/fsl_str.o
 .text.PrintIsfF
                0x0000546c       0x2c ./utilities/fsl_str.o
 .text.PrintIsxX
                0x00005498       0x2c ./utilities/fsl_str.o
 .text.PrintFilterLengthFlag
                0x000054c4       0x3e ./utilities/fsl_str.o
 .text.PrintGetRadixFromobpu
                0x00005502       0x40 ./utilities/fsl_str.o
 .text.ConvertRadixNumToString
                0x00005542       0xc2 ./utilities/fsl_str.o
 .text.StrFormatPrintf
                0x00005604      0x2ac ./utilities/fsl_str.o
                0x00005604                StrFormatPrintf
 .text.WDT_BOD_IRQHandler
                0x000058b0        0x8 ./startup/startup_lpc55s69_cm33_core0.o
                0x000058b0                WDT_BOD_IRQHandler
 .text.DMA0_IRQHandler
                0x000058b8        0x8 ./startup/startup_lpc55s69_cm33_core0.o
                0x000058b8                DMA0_IRQHandler
 .text.GINT0_IRQHandler
                0x000058c0        0x8 ./startup/startup_lpc55s69_cm33_core0.o
                0x000058c0                GINT0_IRQHandler
 .text.GINT1_IRQHandler
                0x000058c8        0x8 ./startup/startup_lpc55s69_cm33_core0.o
                0x000058c8                GINT1_IRQHandler
 .text.PIN_INT0_IRQHandler
                0x000058d0        0x8 ./startup/startup_lpc55s69_cm33_core0.o
                0x000058d0                PIN_INT0_IRQHandler
 .text.PIN_INT1_IRQHandler
                0x000058d8        0x8 ./startup/startup_lpc55s69_cm33_core0.o
                0x000058d8                PIN_INT1_IRQHandler
 .text.PIN_INT2_IRQHandler
                0x000058e0        0x8 ./startup/startup_lpc55s69_cm33_core0.o
                0x000058e0                PIN_INT2_IRQHandler
 .text.PIN_INT3_IRQHandler
                0x000058e8        0x8 ./startup/startup_lpc55s69_cm33_core0.o
                0x000058e8                PIN_INT3_IRQHandler
 .text.UTICK0_IRQHandler
                0x000058f0        0x8 ./startup/startup_lpc55s69_cm33_core0.o
                0x000058f0                UTICK0_IRQHandler
 .text.MRT0_IRQHandler
                0x000058f8        0x8 ./startup/startup_lpc55s69_cm33_core0.o
                0x000058f8                MRT0_IRQHandler
 .text.CTIMER0_IRQHandler
                0x00005900        0x8 ./startup/startup_lpc55s69_cm33_core0.o
                0x00005900                CTIMER0_IRQHandler
 .text.CTIMER1_IRQHandler
                0x00005908        0x8 ./startup/startup_lpc55s69_cm33_core0.o
                0x00005908                CTIMER1_IRQHandler
 .text.SCT0_IRQHandler
                0x00005910        0x8 ./startup/startup_lpc55s69_cm33_core0.o
                0x00005910                SCT0_IRQHandler
 .text.CTIMER3_IRQHandler
                0x00005918        0x8 ./startup/startup_lpc55s69_cm33_core0.o
                0x00005918                CTIMER3_IRQHandler
 .text.FLEXCOMM0_IRQHandler
                0x00005920        0x8 ./startup/startup_lpc55s69_cm33_core0.o
                0x00005920                FLEXCOMM0_IRQHandler
 .text.FLEXCOMM1_IRQHandler
                0x00005928        0x8 ./startup/startup_lpc55s69_cm33_core0.o
                0x00005928                FLEXCOMM1_IRQHandler
 .text.FLEXCOMM2_IRQHandler
                0x00005930        0x8 ./startup/startup_lpc55s69_cm33_core0.o
                0x00005930                FLEXCOMM2_IRQHandler
 .text.FLEXCOMM3_IRQHandler
                0x00005938        0x8 ./startup/startup_lpc55s69_cm33_core0.o
                0x00005938                FLEXCOMM3_IRQHandler
 .text.FLEXCOMM4_IRQHandler
                0x00005940        0x8 ./startup/startup_lpc55s69_cm33_core0.o
                0x00005940                FLEXCOMM4_IRQHandler
 .text.FLEXCOMM5_IRQHandler
                0x00005948        0x8 ./startup/startup_lpc55s69_cm33_core0.o
                0x00005948                FLEXCOMM5_IRQHandler
 .text.FLEXCOMM6_IRQHandler
                0x00005950        0x8 ./startup/startup_lpc55s69_cm33_core0.o
                0x00005950                FLEXCOMM6_IRQHandler
 .text.FLEXCOMM7_IRQHandler
                0x00005958        0x8 ./startup/startup_lpc55s69_cm33_core0.o
                0x00005958                FLEXCOMM7_IRQHandler
 .text.ADC0_IRQHandler
                0x00005960        0x8 ./startup/startup_lpc55s69_cm33_core0.o
                0x00005960                ADC0_IRQHandler
 .text.Reserved39_IRQHandler
                0x00005968        0x8 ./startup/startup_lpc55s69_cm33_core0.o
                0x00005968                Reserved39_IRQHandler
 .text.ACMP_IRQHandler
                0x00005970        0x8 ./startup/startup_lpc55s69_cm33_core0.o
                0x00005970                ACMP_IRQHandler
 .text.Reserved41_IRQHandler
                0x00005978        0x8 ./startup/startup_lpc55s69_cm33_core0.o
                0x00005978                Reserved41_IRQHandler
 .text.Reserved42_IRQHandler
                0x00005980        0x8 ./startup/startup_lpc55s69_cm33_core0.o
                0x00005980                Reserved42_IRQHandler
 .text.USB0_NEEDCLK_IRQHandler
                0x00005988        0x8 ./startup/startup_lpc55s69_cm33_core0.o
                0x00005988                USB0_NEEDCLK_IRQHandler
 .text.USB0_IRQHandler
                0x00005990        0x8 ./startup/startup_lpc55s69_cm33_core0.o
                0x00005990                USB0_IRQHandler
 .text.RTC_IRQHandler
                0x00005998        0x8 ./startup/startup_lpc55s69_cm33_core0.o
                0x00005998                RTC_IRQHandler
 .text.Reserved46_IRQHandler
                0x000059a0        0x8 ./startup/startup_lpc55s69_cm33_core0.o
                0x000059a0                Reserved46_IRQHandler
 .text.MAILBOX_IRQHandler
                0x000059a8        0x8 ./startup/startup_lpc55s69_cm33_core0.o
                0x000059a8                MAILBOX_IRQHandler
 .text.PIN_INT4_IRQHandler
                0x000059b0        0x8 ./startup/startup_lpc55s69_cm33_core0.o
                0x000059b0                PIN_INT4_IRQHandler
 .text.PIN_INT5_IRQHandler
                0x000059b8        0x8 ./startup/startup_lpc55s69_cm33_core0.o
                0x000059b8                PIN_INT5_IRQHandler
 .text.PIN_INT6_IRQHandler
                0x000059c0        0x8 ./startup/startup_lpc55s69_cm33_core0.o
                0x000059c0                PIN_INT6_IRQHandler
 .text.PIN_INT7_IRQHandler
                0x000059c8        0x8 ./startup/startup_lpc55s69_cm33_core0.o
                0x000059c8                PIN_INT7_IRQHandler
 .text.CTIMER2_IRQHandler
                0x000059d0        0x8 ./startup/startup_lpc55s69_cm33_core0.o
                0x000059d0                CTIMER2_IRQHandler
 .text.CTIMER4_IRQHandler
                0x000059d8        0x8 ./startup/startup_lpc55s69_cm33_core0.o
                0x000059d8                CTIMER4_IRQHandler
 .text.OS_EVENT_IRQHandler
                0x000059e0        0x8 ./startup/startup_lpc55s69_cm33_core0.o
                0x000059e0                OS_EVENT_IRQHandler
 .text.Reserved55_IRQHandler
                0x000059e8        0x8 ./startup/startup_lpc55s69_cm33_core0.o
                0x000059e8                Reserved55_IRQHandler
 .text.Reserved56_IRQHandler
                0x000059f0        0x8 ./startup/startup_lpc55s69_cm33_core0.o
                0x000059f0                Reserved56_IRQHandler
 .text.Reserved57_IRQHandler
                0x000059f8        0x8 ./startup/startup_lpc55s69_cm33_core0.o
                0x000059f8                Reserved57_IRQHandler
 .text.SDIO_IRQHandler
                0x00005a00        0x8 ./startup/startup_lpc55s69_cm33_core0.o
                0x00005a00                SDIO_IRQHandler
 .text.Reserved59_IRQHandler
                0x00005a08        0x8 ./startup/startup_lpc55s69_cm33_core0.o
                0x00005a08                Reserved59_IRQHandler
 .text.Reserved60_IRQHandler
                0x00005a10        0x8 ./startup/startup_lpc55s69_cm33_core0.o
                0x00005a10                Reserved60_IRQHandler
 .text.Reserved61_IRQHandler
                0x00005a18        0x8 ./startup/startup_lpc55s69_cm33_core0.o
                0x00005a18                Reserved61_IRQHandler
 .text.USB1_PHY_IRQHandler
                0x00005a20        0x8 ./startup/startup_lpc55s69_cm33_core0.o
                0x00005a20                USB1_PHY_IRQHandler
 .text.USB1_IRQHandler
                0x00005a28        0x8 ./startup/startup_lpc55s69_cm33_core0.o
                0x00005a28                USB1_IRQHandler
 .text.USB1_NEEDCLK_IRQHandler
                0x00005a30        0x8 ./startup/startup_lpc55s69_cm33_core0.o
                0x00005a30                USB1_NEEDCLK_IRQHandler
 .text.SEC_HYPERVISOR_CALL_IRQHandler
                0x00005a38        0x8 ./startup/startup_lpc55s69_cm33_core0.o
                0x00005a38                SEC_HYPERVISOR_CALL_IRQHandler
 .text.SEC_GPIO_INT0_IRQ0_IRQHandler
                0x00005a40        0x8 ./startup/startup_lpc55s69_cm33_core0.o
                0x00005a40                SEC_GPIO_INT0_IRQ0_IRQHandler
 .text.SEC_GPIO_INT0_IRQ1_IRQHandler
                0x00005a48        0x8 ./startup/startup_lpc55s69_cm33_core0.o
                0x00005a48                SEC_GPIO_INT0_IRQ1_IRQHandler
 .text.PLU_IRQHandler
                0x00005a50        0x8 ./startup/startup_lpc55s69_cm33_core0.o
                0x00005a50                PLU_IRQHandler
 .text.SEC_VIO_IRQHandler
                0x00005a58        0x8 ./startup/startup_lpc55s69_cm33_core0.o
                0x00005a58                SEC_VIO_IRQHandler
 .text.HASHCRYPT_IRQHandler
                0x00005a60        0x8 ./startup/startup_lpc55s69_cm33_core0.o
                0x00005a60                HASHCRYPT_IRQHandler
 .text.CASER_IRQHandler
                0x00005a68        0x8 ./startup/startup_lpc55s69_cm33_core0.o
                0x00005a68                CASER_IRQHandler
 .text.PUF_IRQHandler
                0x00005a70        0x8 ./startup/startup_lpc55s69_cm33_core0.o
                0x00005a70                PUF_IRQHandler
 .text.PQ_IRQHandler
                0x00005a78        0x8 ./startup/startup_lpc55s69_cm33_core0.o
                0x00005a78                PQ_IRQHandler
 .text.DMA1_IRQHandler
                0x00005a80        0x8 ./startup/startup_lpc55s69_cm33_core0.o
                0x00005a80                DMA1_IRQHandler
 .text.FLEXCOMM8_IRQHandler
                0x00005a88        0x8 ./startup/startup_lpc55s69_cm33_core0.o
                0x00005a88                FLEXCOMM8_IRQHandler
 .text.GPIO_PinWrite
                0x00005a90       0x2a ./source/ToF.o
 .text.OLED_Display_On
                0x00005aba       0x20 ./source/oled.o
                0x00005aba                OLED_Display_On
 .text.OLED_Draw_Line
                0x00005ada      0x18c ./source/oled.o
                0x00005ada                OLED_Draw_Line
 .text.I2C_MasterRepeatedStart
                0x00005c66       0x26 ./source/platform.o
 .text.RdByte   0x00005c8c       0x90 ./source/platform.o
                0x00005c8c                RdByte
 .text.WrByte   0x00005d1c       0x6c ./source/platform.o
                0x00005d1c                WrByte
 .text.WrMulti  0x00005d88       0x7c ./source/platform.o
                0x00005d88                WrMulti
 .text.RdMulti  0x00005e04       0x92 ./source/platform.o
                0x00005e04                RdMulti
 .text.SwapBuffer
                0x00005e96       0x70 ./source/platform.o
                0x00005e96                SwapBuffer
 .text.WaitMs   0x00005f06       0x36 ./source/platform.o
                0x00005f06                WaitMs
 .text.HardFault_Handler
                0x00005f3c       0x36 ./source/semihost_hardfault.o
                0x00005f3c                HardFault_Handler
 .text._vl53l5cx_poll_for_answer
                0x00005f72       0xa4 ./source/vl53l5cx_api.o
 .text.vl53l5cx_is_alive
                0x00006016       0x92 ./source/vl53l5cx_api.o
                0x00006016                vl53l5cx_is_alive
 .text.vl53l5cx_get_resolution
                0x000060a8       0x4a ./source/vl53l5cx_api.o
                0x000060a8                vl53l5cx_get_resolution
 .text.vl53l5cx_set_resolution
                0x000060f2      0x1a8 ./source/vl53l5cx_api.o
                0x000060f2                vl53l5cx_set_resolution
 .text.vl53l5cx_set_ranging_frequency_hz
                0x0000629a       0x42 ./source/vl53l5cx_api.o
                0x0000629a                vl53l5cx_set_ranging_frequency_hz
 .text.vl53l5cx_set_ranging_mode
                0x000062dc       0xae ./source/vl53l5cx_api.o
                0x000062dc                vl53l5cx_set_ranging_mode
 .text.vl53l5cx_dci_write_data
                0x0000638a      0x146 ./source/vl53l5cx_api.o
                0x0000638a                vl53l5cx_dci_write_data
 .text.vl53l5cx_dci_replace_data
                0x000064d0       0x58 ./source/vl53l5cx_api.o
                0x000064d0                vl53l5cx_dci_replace_data
 .text.CLOCK_IsPLL0Locked
                0x00006528       0x24 ./drivers/fsl_clock.o
 .text.findPll0PreDiv
                0x0000654c       0x3e ./drivers/fsl_clock.o
 .text.DelayLoop
                0x0000658a       0x20 ./drivers/fsl_common_arm.o
 .text.CLOCK_EnableClock
                0x000065aa       0x30 ./drivers/fsl_flexcomm.o
 .text.FLEXCOMM_PeripheralIsPresent
                0x000065da       0x64 ./drivers/fsl_flexcomm.o
 .text.FLEXCOMM_SetPeriph
                0x0000663e       0x74 ./drivers/fsl_flexcomm.o
 .text.CLOCK_EnableClock
                0x000066b2       0x30 ./drivers/fsl_gpio.o
 .text.GPIO_PinInit
                0x000066e2       0xa4 ./drivers/fsl_gpio.o
                0x000066e2                GPIO_PinInit
 .text.I2C_MasterEnable
                0x00006786       0x44 ./drivers/fsl_i2c.o
 .text.I2C_MasterInit
                0x000067ca       0x44 ./drivers/fsl_i2c.o
                0x000067ca                I2C_MasterInit
 .text.I2C_GetStatusFlags
                0x0000680e       0x88 ./drivers/fsl_i2c.o
                0x0000680e                I2C_GetStatusFlags
 .text.I2C_MasterStart
                0x00006896       0x46 ./drivers/fsl_i2c.o
                0x00006896                I2C_MasterStart
 .text.I2C_MasterStop
                0x000068dc       0x2c ./drivers/fsl_i2c.o
                0x000068dc                I2C_MasterStop
 .text.INPUTMUX_AttachSignal
                0x00006908       0x38 ./drivers/fsl_inputmux.o
                0x00006908                INPUTMUX_AttachSignal
 .text.CLOCK_EnableClock
                0x00006940       0x30 ./drivers/fsl_pint.o
 .text.EnableIRQ
                0x00006970       0x32 ./drivers/fsl_pint.o
 .text.PINT_PinInterruptClrFallFlag
                0x000069a2       0x22 ./drivers/fsl_pint.o
 .text.PINT_PinInterruptClrRiseFlag
                0x000069c4       0x22 ./drivers/fsl_pint.o
 .text.PINT_PatternMatchResetDetectLogic
                0x000069e6       0x34 ./drivers/fsl_pint.o
                0x000069e6                PINT_PatternMatchResetDetectLogic
 .text.PINT_PinInterruptClrStatus
                0x00006a1a       0x4e ./drivers/fsl_pint.o
                0x00006a1a                PINT_PinInterruptClrStatus
 .text.lowpower_set_voltage_for_process
                0x00006a68       0xaa ./drivers/fsl_power.o
 .text.RESET_PeripheralReset
                0x00006b12       0x1c ./drivers/fsl_reset.o
                0x00006b12                RESET_PeripheralReset
 .text.USART_EnableContinuousSCLK
                0x00006b2e       0x38 ./drivers/fsl_usart.o
 .text.SystemInitHook
                0x00006b66        0xe ./device/system_LPC55S69_cm33_core0.o
                0x00006b66                SystemInitHook
 .text.HAL_UartGetStatus
                0x00006b74       0x22 ./component/uart/fsl_adapter_usart.o
 .text.HAL_UartInit
                0x00006b96       0x36 ./component/uart/fsl_adapter_usart.o
                0x00006b96                HAL_UartInit
 .text.DisableGlobalIRQ
                0x00006bcc       0x22 ./component/serial_manager/fsl_component_serial_manager.o
 .text.EnableGlobalIRQ
                0x00006bee       0x20 ./component/serial_manager/fsl_component_serial_manager.o
 .text.SerialManager_StartWriting
                0x00006c0e       0x38 ./component/serial_manager/fsl_component_serial_manager.o
 .text.SerialManager_Write
                0x00006c46       0x44 ./component/serial_manager/fsl_component_serial_manager.o
 .text.SerialManager_Init
                0x00006c8a       0x60 ./component/serial_manager/fsl_component_serial_manager.o
                0x00006c8a                SerialManager_Init
 .text.SerialManager_OpenWriteHandle
                0x00006cea       0x50 ./component/serial_manager/fsl_component_serial_manager.o
                0x00006cea                SerialManager_OpenWriteHandle
 .text.SerialManager_OpenReadHandle
                0x00006d3a       0x60 ./component/serial_manager/fsl_component_serial_manager.o
                0x00006d3a                SerialManager_OpenReadHandle
 .text.SerialManager_WriteBlocking
                0x00006d9a       0x20 ./component/serial_manager/fsl_component_serial_manager.o
                0x00006d9a                SerialManager_WriteBlocking
 .text.Serial_UartInit
                0x00006dba       0x3e ./component/serial_manager/fsl_component_serial_port_uart.o
                0x00006dba                Serial_UartInit
 .text.Serial_UartWrite
                0x00006df8       0x38 ./component/serial_manager/fsl_component_serial_port_uart.o
                0x00006df8                Serial_UartWrite
 .text.BOARD_InitBootClocks
                0x00006e30        0xc ./board/clock_config.o
                0x00006e30                BOARD_InitBootClocks
 .text.BOARD_InitPeripherals_cm33_core0
                0x00006e3c       0x14 ./board/peripherals.o
                0x00006e3c                BOARD_InitPeripherals_cm33_core0
 .text.BOARD_InitBootPeripherals
                0x00006e50        0xc ./board/peripherals.o
                0x00006e50                BOARD_InitBootPeripherals
 .text.CLOCK_EnableClock
                0x00006e5c       0x30 ./board/pin_mux.o
 .text.IOCON_PinMuxSet
                0x00006e8c       0x2e ./board/pin_mux.o
 .text.BOARD_InitBootPins
                0x00006eba       0x14 ./board/pin_mux.o
                0x00006eba                BOARD_InitBootPins
 .text.arm_exponent_f32
                0x00006ece       0x48 ./CMSIS/DSP/Source/SVMFunctions/SVMFunctions.o
 .text.arm_svm_polynomial_init_f32
                0x00006f16       0x5c ./CMSIS/DSP/Source/SVMFunctions/SVMFunctions.o
                0x00006f16                arm_svm_polynomial_init_f32
 .text.arm_svm_polynomial_predict_f32
                0x00006f72       0xf6 ./CMSIS/DSP/Source/SVMFunctions/SVMFunctions.o
                0x00006f72                arm_svm_polynomial_predict_f32
 .text.__main   0x00007068        0xe d:/mcuxpresso/mcuxpressoide_11.9.0_2144/ide/plugins/com.nxp.mcuxpresso.tools.win32_11.9.0.202307121226/tools/bin/../lib/gcc/arm-none-eabi/12.3.1/../../../../arm-none-eabi/lib/thumb/v8-m.main+fp/hard\libcr_nohost_nf.a(_cr__main.o)
                0x00007068                __main
 .text.memcpy   0x00007076        0x4 d:/mcuxpresso/mcuxpressoide_11.9.0_2144/ide/plugins/com.nxp.mcuxpresso.tools.win32_11.9.0.202307121226/tools/bin/../lib/gcc/arm-none-eabi/12.3.1/../../../../arm-none-eabi/lib/thumb/v8-m.main+fp/hard\libcr_c.a(memcpy.o)
                0x00007076                memcpy
 .text.memset   0x0000707a        0x4 d:/mcuxpresso/mcuxpressoide_11.9.0_2144/ide/plugins/com.nxp.mcuxpresso.tools.win32_11.9.0.202307121226/tools/bin/../lib/gcc/arm-none-eabi/12.3.1/../../../../arm-none-eabi/lib/thumb/v8-m.main+fp/hard\libcr_c.a(memset.o)
                0x0000707a                memset
 .text.free     0x0000707e       0x30 d:/mcuxpresso/mcuxpressoide_11.9.0_2144/ide/plugins/com.nxp.mcuxpresso.tools.win32_11.9.0.202307121226/tools/bin/../lib/gcc/arm-none-eabi/12.3.1/../../../../arm-none-eabi/lib/thumb/v8-m.main+fp/hard\libcr_c.a(alloc.o)
                0x0000707e                free
 .text.no_fp_display
                0x000070ae        0x4 d:/mcuxpresso/mcuxpressoide_11.9.0_2144/ide/plugins/com.nxp.mcuxpresso.tools.win32_11.9.0.202307121226/tools/bin/../lib/gcc/arm-none-eabi/12.3.1/../../../../arm-none-eabi/lib/thumb/v8-m.main+fp/hard\libcr_c.a(printf.o)
 .text.setvbuf  0x000070b2       0x3e d:/mcuxpresso/mcuxpressoide_11.9.0_2144/ide/plugins/com.nxp.mcuxpresso.tools.win32_11.9.0.202307121226/tools/bin/../lib/gcc/arm-none-eabi/12.3.1/../../../../arm-none-eabi/lib/thumb/v8-m.main+fp/hard\libcr_c.a(setvbuf.o)
                0x000070b2                setvbuf
 .text.abs      0x000070f0        0x8 d:/mcuxpresso/mcuxpressoide_11.9.0_2144/ide/plugins/com.nxp.mcuxpresso.tools.win32_11.9.0.202307121226/tools/bin/../lib/gcc/arm-none-eabi/12.3.1/../../../../arm-none-eabi/lib/thumb/v8-m.main+fp/hard\libcr_c.a(stdlib.o)
                0x000070f0                abs
 .text.strlen   0x000070f8       0x4e d:/mcuxpresso/mcuxpressoide_11.9.0_2144/ide/plugins/com.nxp.mcuxpresso.tools.win32_11.9.0.202307121226/tools/bin/../lib/gcc/arm-none-eabi/12.3.1/../../../../arm-none-eabi/lib/thumb/v8-m.main+fp/hard\libcr_c.a(strlen.o)
                0x000070f8                strlen
 .text._deferredlazyseek
                0x00007146       0x40 d:/mcuxpresso/mcuxpressoide_11.9.0_2144/ide/plugins/com.nxp.mcuxpresso.tools.win32_11.9.0.202307121226/tools/bin/../lib/gcc/arm-none-eabi/12.3.1/../../../../arm-none-eabi/lib/thumb/v8-m.main+fp/hard\libcr_c.a(_deferredlazyseek.o)
                0x00007146                _deferredlazyseek
 .text.__flsbuf
                0x00007186      0x140 d:/mcuxpresso/mcuxpressoide_11.9.0_2144/ide/plugins/com.nxp.mcuxpresso.tools.win32_11.9.0.202307121226/tools/bin/../lib/gcc/arm-none-eabi/12.3.1/../../../../arm-none-eabi/lib/thumb/v8-m.main+fp/hard\libcr_c.a(_deferredlazyseek.o)
                0x00007186                __flsbuf
 .text._fdopen  0x000072c6       0x68 d:/mcuxpresso/mcuxpressoide_11.9.0_2144/ide/plugins/com.nxp.mcuxpresso.tools.win32_11.9.0.202307121226/tools/bin/../lib/gcc/arm-none-eabi/12.3.1/../../../../arm-none-eabi/lib/thumb/v8-m.main+fp/hard\libcr_c.a(_fdopen.o)
                0x000072c6                _fdopen
 .text._fflush  0x0000732e       0x52 d:/mcuxpresso/mcuxpressoide_11.9.0_2144/ide/plugins/com.nxp.mcuxpresso.tools.win32_11.9.0.202307121226/tools/bin/../lib/gcc/arm-none-eabi/12.3.1/../../../../arm-none-eabi/lib/thumb/v8-m.main+fp/hard\libcr_c.a(_fflush.o)
                0x0000732e                _fflush
 .text.fclose   0x00007380       0x58 d:/mcuxpresso/mcuxpressoide_11.9.0_2144/ide/plugins/com.nxp.mcuxpresso.tools.win32_11.9.0.202307121226/tools/bin/../lib/gcc/arm-none-eabi/12.3.1/../../../../arm-none-eabi/lib/thumb/v8-m.main+fp/hard\libcr_c.a(fclose.o)
                0x00007380                fclose
 .text.remove   0x000073d8       0x14 d:/mcuxpresso/mcuxpressoide_11.9.0_2144/ide/plugins/com.nxp.mcuxpresso.tools.win32_11.9.0.202307121226/tools/bin/../lib/gcc/arm-none-eabi/12.3.1/../../../../arm-none-eabi/lib/thumb/v8-m.main+fp/hard\libcr_c.a(remove.o)
                0x000073d8                remove
 .text._do_fflush
                0x000073ec       0x40 d:/mcuxpresso/mcuxpressoide_11.9.0_2144/ide/plugins/com.nxp.mcuxpresso.tools.win32_11.9.0.202307121226/tools/bin/../lib/gcc/arm-none-eabi/12.3.1/../../../../arm-none-eabi/lib/thumb/v8-m.main+fp/hard\libcr_c.a(_do_fflush.o)
                0x000073ec                _do_fflush
 .text.__aeabi_division_uldivmod
                0x0000742c      0x174 d:/mcuxpresso/mcuxpressoide_11.9.0_2144/ide/plugins/com.nxp.mcuxpresso.tools.win32_11.9.0.202307121226/tools/bin/../lib/gcc/arm-none-eabi/12.3.1/thumb/v8-m.main+fp/hard\libcr_eabihelpers.a(division_64.o)
                0x0000742c                __aeabi_uldivmod
                0x00007430                __bhs_ldivmod1
 .text.__aeabi_division_idiv0
                0x000075a0        0x2 d:/mcuxpresso/mcuxpressoide_11.9.0_2144/ide/plugins/com.nxp.mcuxpresso.tools.win32_11.9.0.202307121226/tools/bin/../lib/gcc/arm-none-eabi/12.3.1/thumb/v8-m.main+fp/hard\libcr_eabihelpers.a(division_idiv0.o)
                0x000075a0                __aeabi_idiv0
 .text.__aeabi_memcpy
                0x000075a2       0x34 d:/mcuxpresso/mcuxpressoide_11.9.0_2144/ide/plugins/com.nxp.mcuxpresso.tools.win32_11.9.0.202307121226/tools/bin/../lib/gcc/arm-none-eabi/12.3.1/thumb/v8-m.main+fp/hard\libcr_eabihelpers.a(memcpy.o)
                0x000075a2                __aeabi_memcpy
                0x000075ac                __aeabi_memcpy8
                0x000075ac                __aeabi_memcpy4
 .text.__aeabi_memset_lowlevel
                0x000075d6       0x32 d:/mcuxpresso/mcuxpressoide_11.9.0_2144/ide/plugins/com.nxp.mcuxpresso.tools.win32_11.9.0.202307121226/tools/bin/../lib/gcc/arm-none-eabi/12.3.1/thumb/v8-m.main+fp/hard\libcr_eabihelpers.a(memcpy.o)
                0x000075d6                __aeabi_lowlevel_memset
 .text.__sys_appexit
                0x00007608        0x2 d:/mcuxpresso/mcuxpressoide_11.9.0_2144/ide/plugins/com.nxp.mcuxpresso.tools.win32_11.9.0.202307121226/tools/bin/../lib/gcc/arm-none-eabi/12.3.1/../../../../arm-none-eabi/lib/thumb/v8-m.main+fp/hard\libcr_nohost_nf.a(__sys_appexit.o)
                0x00007608                __sys_appexit
                0x00007608                __exit
 .text.__sys_close
                0x0000760a        0x6 d:/mcuxpresso/mcuxpressoide_11.9.0_2144/ide/plugins/com.nxp.mcuxpresso.tools.win32_11.9.0.202307121226/tools/bin/../lib/gcc/arm-none-eabi/12.3.1/../../../../arm-none-eabi/lib/thumb/v8-m.main+fp/hard\libcr_nohost_nf.a(__sys_close.o)
                0x0000760a                __sys_close
 .text.__sys_flen
                0x00007610        0x6 d:/mcuxpresso/mcuxpressoide_11.9.0_2144/ide/plugins/com.nxp.mcuxpresso.tools.win32_11.9.0.202307121226/tools/bin/../lib/gcc/arm-none-eabi/12.3.1/../../../../arm-none-eabi/lib/thumb/v8-m.main+fp/hard\libcr_nohost_nf.a(__sys_flen.o)
                0x00007610                __sys_flen
 .text.__sys_istty
                0x00007616        0x6 d:/mcuxpresso/mcuxpressoide_11.9.0_2144/ide/plugins/com.nxp.mcuxpresso.tools.win32_11.9.0.202307121226/tools/bin/../lib/gcc/arm-none-eabi/12.3.1/../../../../arm-none-eabi/lib/thumb/v8-m.main+fp/hard\libcr_nohost_nf.a(__sys_istty.o)
                0x00007616                __sys_istty
 .text.__sys_remove
                0x0000761c        0x6 d:/mcuxpresso/mcuxpressoide_11.9.0_2144/ide/plugins/com.nxp.mcuxpresso.tools.win32_11.9.0.202307121226/tools/bin/../lib/gcc/arm-none-eabi/12.3.1/../../../../arm-none-eabi/lib/thumb/v8-m.main+fp/hard\libcr_nohost_nf.a(__sys_remove.o)
                0x0000761c                __sys_remove
 .text.__sys_seek
                0x00007622        0x6 d:/mcuxpresso/mcuxpressoide_11.9.0_2144/ide/plugins/com.nxp.mcuxpresso.tools.win32_11.9.0.202307121226/tools/bin/../lib/gcc/arm-none-eabi/12.3.1/../../../../arm-none-eabi/lib/thumb/v8-m.main+fp/hard\libcr_nohost_nf.a(__sys_seek.o)
                0x00007622                __sys_seek
 .text.__sys_tmpnam
                0x00007628        0x6 d:/mcuxpresso/mcuxpressoide_11.9.0_2144/ide/plugins/com.nxp.mcuxpresso.tools.win32_11.9.0.202307121226/tools/bin/../lib/gcc/arm-none-eabi/12.3.1/../../../../arm-none-eabi/lib/thumb/v8-m.main+fp/hard\libcr_nohost_nf.a(__sys_tmpnam.o)
                0x00007628                __sys_tmpnam
 .text.__sys_write
                0x0000762e        0x4 d:/mcuxpresso/mcuxpressoide_11.9.0_2144/ide/plugins/com.nxp.mcuxpresso.tools.win32_11.9.0.202307121226/tools/bin/../lib/gcc/arm-none-eabi/12.3.1/../../../../arm-none-eabi/lib/thumb/v8-m.main+fp/hard\libcr_nohost_nf.a(__sys_write.o)
                0x0000762e                __sys_write
 *(SORT_BY_ALIGNMENT(.rodata) SORT_BY_ALIGNMENT(.rodata.*) SORT_BY_ALIGNMENT(.constdata) SORT_BY_ALIGNMENT(.constdata.*))
 *fill*         0x00007632        0x2 ff
 .rodata.__assertion_failed.str1.4
                0x00007634       0x14 ./utilities/fsl_assert.o
 .rodata.cbToF_Ready.str1.4
                0x00007648      0x12d ./source/ToF.o
 *fill*         0x00007775        0x3 ff
 .rodata.main.str1.4
                0x00007778       0xbd ./source/ToF.o
 *fill*         0x00007835        0x3 ff
 .rodata.FontSystem5x8
                0x00007838      0x1e5 ./source/oled.o
                0x00007838                FontSystem5x8
 *fill*         0x00007a1d        0x3 ff
 .rodata.VL53L5CX_FIRMWARE
                0x00007a20    0x15000 ./source/vl53l5cx_api.o
                0x00007a20                VL53L5CX_FIRMWARE
 .rodata.VL53L5CX_DEFAULT_CONFIGURATION
                0x0001ca20      0x3cc ./source/vl53l5cx_api.o
                0x0001ca20                VL53L5CX_DEFAULT_CONFIGURATION
 .rodata.VL53L5CX_DEFAULT_XTALK
                0x0001cdec      0x308 ./source/vl53l5cx_api.o
                0x0001cdec                VL53L5CX_DEFAULT_XTALK
 .rodata.VL53L5CX_GET_NVM_CMD
                0x0001d0f4       0x28 ./source/vl53l5cx_api.o
                0x0001d0f4                VL53L5CX_GET_NVM_CMD
 .rodata        0x0001d11c       0x64 ./source/vl53l5cx_api.o
 .rodata._vl53l5cx_send_xtalk_data.str1.4
                0x0001d180        0x9 ./source/vl53l5cx_api.o
 *fill*         0x0001d189        0x3 ff
 .rodata.SDK_DelayAtLeastUs.str1.4
                0x0001d18c       0x2b ./drivers/fsl_common_arm.o
 *fill*         0x0001d1b7        0x1 ff
 .rodata.s_flexcommBaseAddrs
                0x0001d1b8       0x24 ./drivers/fsl_flexcomm.o
 .rodata.s_flexcommClocks
                0x0001d1dc       0x12 ./drivers/fsl_flexcomm.o
 *fill*         0x0001d1ee        0x2 ff
 .rodata.s_flexcommResets
                0x0001d1f0       0x24 ./drivers/fsl_flexcomm.o
 .rodata.FLEXCOMM_GetInstance.str1.4
                0x0001d214       0x42 ./drivers/fsl_flexcomm.o
 *fill*         0x0001d256        0x2 ff
 .rodata.FLEXCOMM0_DriverIRQHandler.str1.4
                0x0001d258       0x3c ./drivers/fsl_flexcomm.o
 .rodata.FLEXCOMM1_DriverIRQHandler.str1.4
                0x0001d294       0x3c ./drivers/fsl_flexcomm.o
 .rodata.FLEXCOMM2_DriverIRQHandler.str1.4
                0x0001d2d0       0x3c ./drivers/fsl_flexcomm.o
 .rodata.FLEXCOMM3_DriverIRQHandler.str1.4
                0x0001d30c       0x3c ./drivers/fsl_flexcomm.o
 .rodata.FLEXCOMM4_DriverIRQHandler.str1.4
                0x0001d348       0x3c ./drivers/fsl_flexcomm.o
 .rodata.FLEXCOMM5_DriverIRQHandler.str1.4
                0x0001d384       0x3c ./drivers/fsl_flexcomm.o
 .rodata.FLEXCOMM6_DriverIRQHandler.str1.4
                0x0001d3c0       0x3c ./drivers/fsl_flexcomm.o
 .rodata.FLEXCOMM7_DriverIRQHandler.str1.4
                0x0001d3fc       0x3c ./drivers/fsl_flexcomm.o
 .rodata.FLEXCOMM8_DriverIRQHandler.str1.4
                0x0001d438       0x3c ./drivers/fsl_flexcomm.o
 .rodata.s_gpioClockName
                0x0001d474        0x8 ./drivers/fsl_gpio.o
 .rodata.GPIO_EnablePortClock.str1.4
                0x0001d47c       0x33 ./drivers/fsl_gpio.o
 *fill*         0x0001d4af        0x1 ff
 .rodata.I2C_MasterSetTimeoutValue.str1.4
                0x0001d4b0       0x3a ./drivers/fsl_i2c.o
 *fill*         0x0001d4ea        0x2 ff
 .rodata.I2C_MasterWriteBlocking.str1.4
                0x0001d4ec       0x1f ./drivers/fsl_i2c.o
 *fill*         0x0001d50b        0x1 ff
 .rodata.I2C_MasterReadBlocking.str1.4
                0x0001d50c       0x1f ./drivers/fsl_i2c.o
 *fill*         0x0001d52b        0x1 ff
 .rodata.s_pintIRQ
                0x0001d52c        0xa ./drivers/fsl_pint.o
 *fill*         0x0001d536        0x2 ff
 .rodata.PINT_Init.str1.4
                0x0001d538       0x1d ./drivers/fsl_pint.o
 *fill*         0x0001d555        0x3 ff
 .rodata.PINT_PinInterruptConfig.str1.4
                0x0001d558       0x1e ./drivers/fsl_pint.o
 *fill*         0x0001d576        0x2 ff
 .rodata.PINT_EnableCallbackByIndex.str1.4
                0x0001d578       0x1e ./drivers/fsl_pint.o
 *fill*         0x0001d596        0x2 ff
 .rodata.RESET_SetPeripheralReset.str1.4
                0x0001d598       0x1e ./drivers/fsl_reset.o
 *fill*         0x0001d5b6        0x2 ff
 .rodata.RESET_ClearPeripheralReset.str1.4
                0x0001d5b8       0x1e ./drivers/fsl_reset.o
 *fill*         0x0001d5d6        0x2 ff
 .rodata.USART_Init.str1.4
                0x0001d5d8       0x4f ./drivers/fsl_usart.o
 *fill*         0x0001d627        0x1 ff
 .rodata.USART_GetDefaultConfig.str1.4
                0x0001d628       0x21 ./drivers/fsl_usart.o
 *fill*         0x0001d649        0x3 ff
 .rodata.USART_SetBaudRate.str1.4
                0x0001d64c       0x53 ./drivers/fsl_usart.o
 *fill*         0x0001d69f        0x1 ff
 .rodata.USART_WriteBlocking.str1.4
                0x0001d6a0       0x36 ./drivers/fsl_usart.o
 *fill*         0x0001d6d6        0x2 ff
 .rodata.s_UsartAdapterBase
                0x0001d6d8       0x20 ./component/uart/fsl_adapter_usart.o
 .rodata.HAL_UartInitCommon.str1.4
                0x0001d6f8       0xeb ./component/uart/fsl_adapter_usart.o
 *fill*         0x0001d7e3        0x1 ff
 .rodata.HAL_UartSendBlocking.str1.4
                0x0001d7e4       0x65 ./component/uart/fsl_adapter_usart.o
 *fill*         0x0001d849        0x3 ff
 .rodata.FLEXCOMM4_config
                0x0001d84c        0xc ./board/peripherals.o
                0x0001d84c                FLEXCOMM4_config
 .rodata.FLEXCOMM1_config
                0x0001d858        0xc ./board/peripherals.o
                0x0001d858                FLEXCOMM1_config
 .rodata.__num_Ciob_streams
                0x0001d864        0x4 d:/mcuxpresso/mcuxpressoide_11.9.0_2144/ide/plugins/com.nxp.mcuxpresso.tools.win32_11.9.0.202307121226/tools/bin/../lib/gcc/arm-none-eabi/12.3.1/../../../../arm-none-eabi/lib/thumb/v8-m.main+fp/hard\libcr_nohost_nf.a(__ciob.o)
                0x0001d864                __num_Ciob_streams
 .rodata._Csys_alloc.str1.1
                0x0001d868       0x18 d:/mcuxpresso/mcuxpressoide_11.9.0_2144/ide/plugins/com.nxp.mcuxpresso.tools.win32_11.9.0.202307121226/tools/bin/../lib/gcc/arm-none-eabi/12.3.1/../../../../arm-none-eabi/lib/thumb/v8-m.main+fp/hard\libcr_c.a(alloc.o)
 .rodata._initio.str1.1
                0x0001d880        0x4 d:/mcuxpresso/mcuxpressoide_11.9.0_2144/ide/plugins/com.nxp.mcuxpresso.tools.win32_11.9.0.202307121226/tools/bin/../lib/gcc/arm-none-eabi/12.3.1/../../../../arm-none-eabi/lib/thumb/v8-m.main+fp/hard\libcr_c.a(initio.o)
 .rodata.__vfprintf.str1.1
                0x0001d884       0x37 d:/mcuxpresso/mcuxpressoide_11.9.0_2144/ide/plugins/com.nxp.mcuxpresso.tools.win32_11.9.0.202307121226/tools/bin/../lib/gcc/arm-none-eabi/12.3.1/../../../../arm-none-eabi/lib/thumb/v8-m.main+fp/hard\libcr_c.a(printf.o)
                                 0x38 (size before relaxing)
                0x0001d8bc                        . = ALIGN (0x4)
 *fill*         0x0001d8bb        0x1 ff

.glue_7         0x0001d8bc        0x0
 .glue_7        0x0001d8bc        0x0 linker stubs

.glue_7t        0x0001d8bc        0x0
 .glue_7t       0x0001d8bc        0x0 linker stubs

.vfp11_veneer   0x0001d8bc        0x0
 .vfp11_veneer  0x0001d8bc        0x0 linker stubs

.v4_bx          0x0001d8bc        0x0
 .v4_bx         0x0001d8bc        0x0 linker stubs

.iplt           0x0001d8bc        0x0
 .iplt          0x0001d8bc        0x0 ./utilities/fsl_assert.o

.rel.dyn        0x0001d8bc        0x0
 .rel.iplt      0x0001d8bc        0x0 ./utilities/fsl_assert.o

.ARM.extab
 *(SORT_BY_ALIGNMENT(.ARM.extab*) SORT_BY_ALIGNMENT(.gnu.linkonce.armextab.*))

.ARM.exidx      0x0001d8bc        0x0
                0x0001d8bc                        __exidx_start = .
 *(SORT_BY_ALIGNMENT(.ARM.exidx*) SORT_BY_ALIGNMENT(.gnu.linkonce.armexidx.*))
                0x0001d8bc                        __exidx_end = .
                0x0001d8bc                        _etext = .

.m_usb_data
 *(SORT_BY_ALIGNMENT(m_usb_global))

.data_RAM2      0x04000000        0x0 load address 0x0001d8bc
 FILL mask 0xff
                [!provide]                        PROVIDE (__start_data_RAM2 = .)
                [!provide]                        PROVIDE (__start_data_SRAMX = .)
 *(SORT_BY_ALIGNMENT(.ramfunc.$RAM2))
 *(SORT_BY_ALIGNMENT(.ramfunc.$SRAMX))
 *(SORT_BY_ALIGNMENT(.data.$RAM2))
 *(SORT_BY_ALIGNMENT(.data.$SRAMX))
 *(SORT_BY_ALIGNMENT(.data.$RAM2.*))
 *(SORT_BY_ALIGNMENT(.data.$SRAMX.*))
                0x04000000                        . = ALIGN (0x4)
                [!provide]                        PROVIDE (__end_data_RAM2 = .)
                [!provide]                        PROVIDE (__end_data_SRAMX = .)

.data_RAM3      0x40100000        0x0 load address 0x0001d8bc
 FILL mask 0xff
                [!provide]                        PROVIDE (__start_data_RAM3 = .)
                [!provide]                        PROVIDE (__start_data_USB_RAM = .)
 *(SORT_BY_ALIGNMENT(.ramfunc.$RAM3))
 *(SORT_BY_ALIGNMENT(.ramfunc.$USB_RAM))
 *(SORT_BY_ALIGNMENT(.data.$RAM3))
 *(SORT_BY_ALIGNMENT(.data.$USB_RAM))
 *(SORT_BY_ALIGNMENT(.data.$RAM3.*))
 *(SORT_BY_ALIGNMENT(.data.$USB_RAM.*))
                0x40100000                        . = ALIGN (0x4)
                [!provide]                        PROVIDE (__end_data_RAM3 = .)
                [!provide]                        PROVIDE (__end_data_USB_RAM = .)

.data_RAM4      0x20040000        0x0 load address 0x0001d8bc
 FILL mask 0xff
                [!provide]                        PROVIDE (__start_data_RAM4 = .)
                [!provide]                        PROVIDE (__start_data_SRAM4 = .)
 *(SORT_BY_ALIGNMENT(.ramfunc.$RAM4))
 *(SORT_BY_ALIGNMENT(.ramfunc.$SRAM4))
 *(SORT_BY_ALIGNMENT(.data.$RAM4))
 *(SORT_BY_ALIGNMENT(.data.$SRAM4))
 *(SORT_BY_ALIGNMENT(.data.$RAM4.*))
 *(SORT_BY_ALIGNMENT(.data.$SRAM4.*))
                0x20040000                        . = ALIGN (0x4)
                [!provide]                        PROVIDE (__end_data_RAM4 = .)
                [!provide]                        PROVIDE (__end_data_SRAM4 = .)

.uninit_RESERVED
                0x20000000        0x0
                0x20000000                        _start_uninit_RESERVED = .
 *(SORT_BY_ALIGNMENT(.bss.$RESERVED*))
                0x20000000                        . = ALIGN (0x4)
                0x20000000                        _end_uninit_RESERVED = .

.data           0x20000000    0x14114 load address 0x0001d8bc
 FILL mask 0xff
                0x20000000                        _data = .
                [!provide]                        PROVIDE (__start_data_RAM = .)
                [!provide]                        PROVIDE (__start_data_SRAM = .)
 *(SORT_BY_ALIGNMENT(vtable))
 *(SORT_BY_ALIGNMENT(.ramfunc*))
 *(SORT_BY_ALIGNMENT(CodeQuickAccess))
 *(SORT_BY_ALIGNMENT(DataQuickAccess))
 *(SORT_BY_ALIGNMENT(RamFunction))
 *(SORT_BY_ALIGNMENT(.data*))
 .data.intercept
                0x20000000        0x4 ./source/arm_svm_example.o
                0x20000000                intercept
 .data.gamma    0x20000004        0x4 ./source/arm_svm_example.o
                0x20000004                gamma
 .data.dualCoefficients
                0x20000008      0x4f0 ./source/arm_svm_example.o
                0x20000008                dualCoefficients
 .data.supportVectors
                0x200004f8    0x13c00 ./source/arm_svm_example.o
                0x200004f8                supportVectors
 .data.coef     0x200140f8        0x4 ./source/arm_svm_example.o
                0x200140f8                coef
 .data.degree   0x200140fc        0x4 ./source/arm_svm_example.o
                0x200140fc                degree
 .data.classes  0x20014100        0xc ./source/arm_svm_example.o
                0x20014100                classes
 .data.s_Ext_Clk_Freq
                0x2001410c        0x4 ./drivers/fsl_clock.o
 .data.SystemCoreClock
                0x20014110        0x4 ./device/system_LPC55S69_cm33_core0.o
                0x20014110                SystemCoreClock
                0x20014114                        . = ALIGN (0x4)
                0x20014114                        _edata = .
                [!provide]                        PROVIDE (__end_data_RAM = .)
                [!provide]                        PROVIDE (__end_data_SRAM = .)

.igot.plt       0x20014114        0x0 load address 0x000319d0
 .igot.plt      0x20014114        0x0 ./utilities/fsl_assert.o

.bss_RAM2       0x04000000        0x0
                [!provide]                        PROVIDE (__start_bss_RAM2 = .)
                [!provide]                        PROVIDE (__start_bss_SRAMX = .)
 *(SORT_BY_ALIGNMENT(.bss.$RAM2))
 *(SORT_BY_ALIGNMENT(.bss.$SRAMX))
 *(SORT_BY_ALIGNMENT(.bss.$RAM2.*))
 *(SORT_BY_ALIGNMENT(.bss.$SRAMX.*))
                0x04000000                        . = ALIGN ((. != 0x0)?0x4:0x1)
                [!provide]                        PROVIDE (__end_bss_RAM2 = .)
                [!provide]                        PROVIDE (__end_bss_SRAMX = .)

.bss_RAM3       0x40100000        0x0
                [!provide]                        PROVIDE (__start_bss_RAM3 = .)
                [!provide]                        PROVIDE (__start_bss_USB_RAM = .)
 *(SORT_BY_ALIGNMENT(.bss.$RAM3))
 *(SORT_BY_ALIGNMENT(.bss.$USB_RAM))
 *(SORT_BY_ALIGNMENT(.bss.$RAM3.*))
 *(SORT_BY_ALIGNMENT(.bss.$USB_RAM.*))
                0x40100000                        . = ALIGN ((. != 0x0)?0x4:0x1)
                [!provide]                        PROVIDE (__end_bss_RAM3 = .)
                [!provide]                        PROVIDE (__end_bss_USB_RAM = .)

.bss_RAM4       0x20040000        0x0
                [!provide]                        PROVIDE (__start_bss_RAM4 = .)
                [!provide]                        PROVIDE (__start_bss_SRAM4 = .)
 *(SORT_BY_ALIGNMENT(.bss.$RAM4))
 *(SORT_BY_ALIGNMENT(.bss.$SRAM4))
 *(SORT_BY_ALIGNMENT(.bss.$RAM4.*))
 *(SORT_BY_ALIGNMENT(.bss.$SRAM4.*))
                0x20040000                        . = ALIGN ((. != 0x0)?0x4:0x1)
                [!provide]                        PROVIDE (__end_bss_RAM4 = .)
                [!provide]                        PROVIDE (__end_bss_SRAM4 = .)

.bss            0x20014114     0x16a0
                0x20014114                        _bss = .
                [!provide]                        PROVIDE (__start_bss_RAM = .)
                [!provide]                        PROVIDE (__start_bss_SRAM = .)
 *(SORT_BY_ALIGNMENT(.bss*))
 .bss.s_debugConsoleState
                0x20014114       0x20 ./utilities/fsl_debug_console.o
 .bss.g_serialHandle
                0x20014134        0x4 ./utilities/fsl_debug_console.o
                0x20014134                g_serialHandle
 .bss.status    0x20014138        0x4 ./source/ToF.o
                0x20014138                status
 .bss.Dev       0x2001413c      0xaa8 ./source/ToF.o
                0x2001413c                Dev
 .bss.Results   0x20014be4      0x54c ./source/ToF.o
                0x20014be4                Results
 .bss.sbuff     0x20015130       0x20 ./source/ToF.o
                0x20015130                sbuff
 .bss.datas     0x20015150      0x100 ./source/ToF.o
                0x20015150                datas
 .bss.params    0x20015250       0x24 ./source/arm_svm_example.o
                0x20015250                params
 .bss.I2C_base  0x20015274        0x4 ./source/oled.o
                0x20015274                I2C_base
 .bss.displayBuffer
                0x20015278      0x400 ./source/oled.o
 .bss.cmd_buff  0x20015678        0x2 ./source/oled.o
 *fill*         0x2001567a        0x2 
 .bss.s_Pll0_Freq
                0x2001567c        0x4 ./drivers/fsl_clock.o
 .bss.s_flexcommIrqHandler
                0x20015680       0x24 ./drivers/fsl_flexcomm.o
 .bss.s_flexcommHandle
                0x200156a4       0x24 ./drivers/fsl_flexcomm.o
 .bss.s_secpintCallback
                0x200156c8        0x8 ./drivers/fsl_pint.o
 .bss.s_pintCallback
                0x200156d0       0x20 ./drivers/fsl_pint.o
 .bss.errno     0x200156f0        0x4 d:/mcuxpresso/mcuxpressoide_11.9.0_2144/ide/plugins/com.nxp.mcuxpresso.tools.win32_11.9.0.202307121226/tools/bin/../lib/gcc/arm-none-eabi/12.3.1/../../../../arm-none-eabi/lib/thumb/v8-m.main+fp/hard\libcr_c.a(errno.o)
                0x200156f0                errno
 .bss.__end_of_heap
                0x200156f4        0x4 d:/mcuxpresso/mcuxpressoide_11.9.0_2144/ide/plugins/com.nxp.mcuxpresso.tools.win32_11.9.0.202307121226/tools/bin/../lib/gcc/arm-none-eabi/12.3.1/../../../../arm-none-eabi/lib/thumb/v8-m.main+fp/hard\libcr_c.a(__init_alloc.o)
                0x200156f4                __end_of_heap
 .bss.__heaps   0x200156f8        0x4 d:/mcuxpresso/mcuxpressoide_11.9.0_2144/ide/plugins/com.nxp.mcuxpresso.tools.win32_11.9.0.202307121226/tools/bin/../lib/gcc/arm-none-eabi/12.3.1/../../../../arm-none-eabi/lib/thumb/v8-m.main+fp/hard\libcr_c.a(__init_alloc.o)
                0x200156f8                __heaps
 .bss.__Ciob    0x200156fc       0xb4 d:/mcuxpresso/mcuxpressoide_11.9.0_2144/ide/plugins/com.nxp.mcuxpresso.tools.win32_11.9.0.202307121226/tools/bin/../lib/gcc/arm-none-eabi/12.3.1/../../../../arm-none-eabi/lib/thumb/v8-m.main+fp/hard\libcr_nohost_nf.a(__ciob.o)
                0x200156fc                __Ciob
 .bss.s_debugConsoleReadWaitSemaphore
                0x200157b0        0x1 ./utilities/fsl_debug_console.o
 .bss.resolution
                0x200157b1        0x1 ./source/ToF.o
                0x200157b1                resolution
 .bss.isAlive   0x200157b2        0x1 ./source/ToF.o
                0x200157b2                isAlive
 *(SORT_BY_ALIGNMENT(COMMON))
                0x200157b4                        . = ALIGN (0x4)
 *fill*         0x200157b3        0x1 
                0x200157b4                        _ebss = .
                [!provide]                        PROVIDE (__end_bss_RAM = .)
                [!provide]                        PROVIDE (__end_bss_SRAM = .)
                [!provide]                        PROVIDE (end = .)

.noinit_RAM2    0x04000000        0x0
                [!provide]                        PROVIDE (__start_noinit_RAM2 = .)
                [!provide]                        PROVIDE (__start_noinit_SRAMX = .)
 *(SORT_BY_ALIGNMENT(.noinit.$RAM2))
 *(SORT_BY_ALIGNMENT(.noinit.$SRAMX))
 *(SORT_BY_ALIGNMENT(.noinit.$RAM2.*))
 *(SORT_BY_ALIGNMENT(.noinit.$SRAMX.*))
                0x04000000                        . = ALIGN (0x4)
                [!provide]                        PROVIDE (__end_noinit_RAM2 = .)
                [!provide]                        PROVIDE (__end_noinit_SRAMX = .)

.noinit_RAM3    0x40100000        0x0
                [!provide]                        PROVIDE (__start_noinit_RAM3 = .)
                [!provide]                        PROVIDE (__start_noinit_USB_RAM = .)
 *(SORT_BY_ALIGNMENT(.noinit.$RAM3))
 *(SORT_BY_ALIGNMENT(.noinit.$USB_RAM))
 *(SORT_BY_ALIGNMENT(.noinit.$RAM3.*))
 *(SORT_BY_ALIGNMENT(.noinit.$USB_RAM.*))
                0x40100000                        . = ALIGN (0x4)
                [!provide]                        PROVIDE (__end_noinit_RAM3 = .)
                [!provide]                        PROVIDE (__end_noinit_USB_RAM = .)

.noinit_RAM4    0x20040000        0x0
                [!provide]                        PROVIDE (__start_noinit_RAM4 = .)
                [!provide]                        PROVIDE (__start_noinit_SRAM4 = .)
 *(SORT_BY_ALIGNMENT(.noinit.$RAM4))
 *(SORT_BY_ALIGNMENT(.noinit.$SRAM4))
 *(SORT_BY_ALIGNMENT(.noinit.$RAM4.*))
 *(SORT_BY_ALIGNMENT(.noinit.$SRAM4.*))
                0x20040000                        . = ALIGN (0x4)
                [!provide]                        PROVIDE (__end_noinit_RAM4 = .)
                [!provide]                        PROVIDE (__end_noinit_SRAM4 = .)

.noinit         0x200157b4        0x0
                0x200157b4                        _noinit = .
                [!provide]                        PROVIDE (__start_noinit_RAM = .)
                [!provide]                        PROVIDE (__start_noinit_SRAM = .)
 *(SORT_BY_ALIGNMENT(.noinit*))
                0x200157b4                        . = ALIGN (0x4)
                0x200157b4                        _end_noinit = .
                [!provide]                        PROVIDE (__end_noinit_RAM = .)
                [!provide]                        PROVIDE (__end_noinit_SRAM = .)
                0x00001000                        _HeapSize = 0x1000

.heap           0x200157b4     0x1000
                0x200157b4                        _pvHeapStart = .
                0x200167b4                        . = (. + _HeapSize)
 *fill*         0x200157b4     0x1000 
                0x200167b4                        . = ALIGN (0x4)
                0x200167b4                        _pvHeapLimit = .
                0x00001000                        _StackSize = 0x1000

.heap2stackfill
                0x200167b4     0x1000
                0x200177b4                        . = (. + _StackSize)
 *fill*         0x200167b4     0x1000 

.stack          0x2003f000        0x0
                0x2003f000                        _vStackBase = .
                0x2003f000                        . = ALIGN (0x4)
                0x20040000                        _vStackTop = (. + _StackSize)
                [!provide]                        PROVIDE (__valid_user_code_checksum = (0x0 - ((((((_vStackTop + (ResetISR + 0x1)) + (NMI_Handler + 0x1)) + (HardFault_Handler + 0x1)) + (DEFINED (MemManage_Handler)?MemManage_Handler:0x0 + 0x1)) + (DEFINED (BusFault_Handler)?BusFault_Handler:0x0 + 0x1)) + (DEFINED (UsageFault_Handler)?UsageFault_Handler:0x0 + 0x1))))
                0x00000000                        _image_start = LOADADDR (.text)
                0x000319d0                        _image_end = (LOADADDR (.data) + SIZEOF (.data))
                0x000319d0                        _image_size = (_image_end - _image_start)
OUTPUT(ToF.axf elf32-littlearm)
LOAD linker stubs

.debug_info     0x00000000    0x25052
 .debug_info    0x00000000       0xcc ./utilities/fsl_assert.o
 .debug_info    0x000000cc      0xe37 ./utilities/fsl_debug_console.o
 .debug_info    0x00000f03      0xb80 ./utilities/fsl_str.o
 .debug_info    0x00001a83      0x9c9 ./startup/startup_lpc55s69_cm33_core0.o
 .debug_info    0x0000244c      0xf9f ./source/ToF.o
 .debug_info    0x000033eb      0x368 ./source/arm_svm_example.o
 .debug_info    0x00003753      0xfe8 ./source/oled.o
 .debug_info    0x0000473b      0x75e ./source/platform.o
 .debug_info    0x00004e99       0x3c ./source/semihost_hardfault.o
 .debug_info    0x00004ed5     0x15b5 ./source/vl53l5cx_api.o
 .debug_info    0x0000648a     0x3397 ./drivers/fsl_clock.o
 .debug_info    0x00009821      0x114 ./drivers/fsl_common_arm.o
 .debug_info    0x00009935     0x1b2f ./drivers/fsl_flexcomm.o
 .debug_info    0x0000b464     0x17a7 ./drivers/fsl_gpio.o
 .debug_info    0x0000cc0b     0x2306 ./drivers/fsl_i2c.o
 .debug_info    0x0000ef11     0x1e53 ./drivers/fsl_inputmux.o
 .debug_info    0x00010d64     0x22f3 ./drivers/fsl_pint.o
 .debug_info    0x00013057     0x2ade ./drivers/fsl_power.o
 .debug_info    0x00015b35      0xf02 ./drivers/fsl_reset.o
 .debug_info    0x00016a37     0x1853 ./drivers/fsl_usart.o
 .debug_info    0x0001828a     0x14be ./device/system_LPC55S69_cm33_core0.o
 .debug_info    0x00019748      0xd1e ./component/uart/fsl_adapter_usart.o
 .debug_info    0x0001a466      0xdbb ./component/serial_manager/fsl_component_serial_manager.o
 .debug_info    0x0001b221      0x537 ./component/serial_manager/fsl_component_serial_port_uart.o
 .debug_info    0x0001b758      0x8ca ./board/board.o
 .debug_info    0x0001c022     0x181c ./board/clock_config.o
 .debug_info    0x0001d83e      0x8ab ./board/peripherals.o
 .debug_info    0x0001e0e9     0x2458 ./board/pin_mux.o
 .debug_info    0x00020541      0x7db ./CMSIS/DSP/Source/SVMFunctions/SVMFunctions.o
 .debug_info    0x00020d1c       0x85 d:/mcuxpresso/mcuxpressoide_11.9.0_2144/ide/plugins/com.nxp.mcuxpresso.tools.win32_11.9.0.202307121226/tools/bin/../lib/gcc/arm-none-eabi/12.3.1/../../../../arm-none-eabi/lib/thumb/v8-m.main+fp/hard\libcr_nohost_nf.a(_cr__main.o)
 .debug_info    0x00020da1      0x119 d:/mcuxpresso/mcuxpressoide_11.9.0_2144/ide/plugins/com.nxp.mcuxpresso.tools.win32_11.9.0.202307121226/tools/bin/../lib/gcc/arm-none-eabi/12.3.1/../../../../arm-none-eabi/lib/thumb/v8-m.main+fp/hard\libcr_c.a(memcpy.o)
 .debug_info    0x00020eba       0xe3 d:/mcuxpresso/mcuxpressoide_11.9.0_2144/ide/plugins/com.nxp.mcuxpresso.tools.win32_11.9.0.202307121226/tools/bin/../lib/gcc/arm-none-eabi/12.3.1/../../../../arm-none-eabi/lib/thumb/v8-m.main+fp/hard\libcr_c.a(memset.o)
 .debug_info    0x00020f9d      0x506 d:/mcuxpresso/mcuxpressoide_11.9.0_2144/ide/plugins/com.nxp.mcuxpresso.tools.win32_11.9.0.202307121226/tools/bin/../lib/gcc/arm-none-eabi/12.3.1/../../../../arm-none-eabi/lib/thumb/v8-m.main+fp/hard\libcr_c.a(alloc.o)
 .debug_info    0x000214a3       0x44 d:/mcuxpresso/mcuxpressoide_11.9.0_2144/ide/plugins/com.nxp.mcuxpresso.tools.win32_11.9.0.202307121226/tools/bin/../lib/gcc/arm-none-eabi/12.3.1/../../../../arm-none-eabi/lib/thumb/v8-m.main+fp/hard\libcr_c.a(errno.o)
 .debug_info    0x000214e7      0x339 d:/mcuxpresso/mcuxpressoide_11.9.0_2144/ide/plugins/com.nxp.mcuxpresso.tools.win32_11.9.0.202307121226/tools/bin/../lib/gcc/arm-none-eabi/12.3.1/../../../../arm-none-eabi/lib/thumb/v8-m.main+fp/hard\libcr_c.a(initio.o)
 .debug_info    0x00021820     0x126c d:/mcuxpresso/mcuxpressoide_11.9.0_2144/ide/plugins/com.nxp.mcuxpresso.tools.win32_11.9.0.202307121226/tools/bin/../lib/gcc/arm-none-eabi/12.3.1/../../../../arm-none-eabi/lib/thumb/v8-m.main+fp/hard\libcr_c.a(printf.o)
 .debug_info    0x00022a8c      0x1f6 d:/mcuxpresso/mcuxpressoide_11.9.0_2144/ide/plugins/com.nxp.mcuxpresso.tools.win32_11.9.0.202307121226/tools/bin/../lib/gcc/arm-none-eabi/12.3.1/../../../../arm-none-eabi/lib/thumb/v8-m.main+fp/hard\libcr_c.a(setvbuf.o)
 .debug_info    0x00022c82      0x4bb d:/mcuxpresso/mcuxpressoide_11.9.0_2144/ide/plugins/com.nxp.mcuxpresso.tools.win32_11.9.0.202307121226/tools/bin/../lib/gcc/arm-none-eabi/12.3.1/../../../../arm-none-eabi/lib/thumb/v8-m.main+fp/hard\libcr_c.a(stdlib.o)
 .debug_info    0x0002313d       0xda d:/mcuxpresso/mcuxpressoide_11.9.0_2144/ide/plugins/com.nxp.mcuxpresso.tools.win32_11.9.0.202307121226/tools/bin/../lib/gcc/arm-none-eabi/12.3.1/../../../../arm-none-eabi/lib/thumb/v8-m.main+fp/hard\libcr_c.a(strlen.o)
 .debug_info    0x00023217       0xd4 d:/mcuxpresso/mcuxpressoide_11.9.0_2144/ide/plugins/com.nxp.mcuxpresso.tools.win32_11.9.0.202307121226/tools/bin/../lib/gcc/arm-none-eabi/12.3.1/../../../../arm-none-eabi/lib/thumb/v8-m.main+fp/hard\libcr_c.a(__init_alloc.o)
 .debug_info    0x000232eb      0x100 d:/mcuxpresso/mcuxpressoide_11.9.0_2144/ide/plugins/com.nxp.mcuxpresso.tools.win32_11.9.0.202307121226/tools/bin/../lib/gcc/arm-none-eabi/12.3.1/../../../../arm-none-eabi/lib/thumb/v8-m.main+fp/hard\libcr_c.a(_cr_sbrk.o)
 .debug_info    0x000233eb      0x362 d:/mcuxpresso/mcuxpressoide_11.9.0_2144/ide/plugins/com.nxp.mcuxpresso.tools.win32_11.9.0.202307121226/tools/bin/../lib/gcc/arm-none-eabi/12.3.1/../../../../arm-none-eabi/lib/thumb/v8-m.main+fp/hard\libcr_c.a(_deferredlazyseek.o)
 .debug_info    0x0002374d      0x244 d:/mcuxpresso/mcuxpressoide_11.9.0_2144/ide/plugins/com.nxp.mcuxpresso.tools.win32_11.9.0.202307121226/tools/bin/../lib/gcc/arm-none-eabi/12.3.1/../../../../arm-none-eabi/lib/thumb/v8-m.main+fp/hard\libcr_c.a(_fdopen.o)
 .debug_info    0x00023991      0x1e3 d:/mcuxpresso/mcuxpressoide_11.9.0_2144/ide/plugins/com.nxp.mcuxpresso.tools.win32_11.9.0.202307121226/tools/bin/../lib/gcc/arm-none-eabi/12.3.1/../../../../arm-none-eabi/lib/thumb/v8-m.main+fp/hard\libcr_c.a(_fflush.o)
 .debug_info    0x00023b74      0x282 d:/mcuxpresso/mcuxpressoide_11.9.0_2144/ide/plugins/com.nxp.mcuxpresso.tools.win32_11.9.0.202307121226/tools/bin/../lib/gcc/arm-none-eabi/12.3.1/../../../../arm-none-eabi/lib/thumb/v8-m.main+fp/hard\libcr_c.a(_writebuf.o)
 .debug_info    0x00023df6      0x318 d:/mcuxpresso/mcuxpressoide_11.9.0_2144/ide/plugins/com.nxp.mcuxpresso.tools.win32_11.9.0.202307121226/tools/bin/../lib/gcc/arm-none-eabi/12.3.1/../../../../arm-none-eabi/lib/thumb/v8-m.main+fp/hard\libcr_c.a(fclose.o)
 .debug_info    0x0002410e      0x202 d:/mcuxpresso/mcuxpressoide_11.9.0_2144/ide/plugins/com.nxp.mcuxpresso.tools.win32_11.9.0.202307121226/tools/bin/../lib/gcc/arm-none-eabi/12.3.1/../../../../arm-none-eabi/lib/thumb/v8-m.main+fp/hard\libcr_c.a(fflush.o)
 .debug_info    0x00024310      0x276 d:/mcuxpresso/mcuxpressoide_11.9.0_2144/ide/plugins/com.nxp.mcuxpresso.tools.win32_11.9.0.202307121226/tools/bin/../lib/gcc/arm-none-eabi/12.3.1/../../../../arm-none-eabi/lib/thumb/v8-m.main+fp/hard\libcr_c.a(fseek.o)
 .debug_info    0x00024586      0x190 d:/mcuxpresso/mcuxpressoide_11.9.0_2144/ide/plugins/com.nxp.mcuxpresso.tools.win32_11.9.0.202307121226/tools/bin/../lib/gcc/arm-none-eabi/12.3.1/../../../../arm-none-eabi/lib/thumb/v8-m.main+fp/hard\libcr_c.a(ftell.o)
 .debug_info    0x00024716      0x1ca d:/mcuxpresso/mcuxpressoide_11.9.0_2144/ide/plugins/com.nxp.mcuxpresso.tools.win32_11.9.0.202307121226/tools/bin/../lib/gcc/arm-none-eabi/12.3.1/../../../../arm-none-eabi/lib/thumb/v8-m.main+fp/hard\libcr_c.a(remove.o)
 .debug_info    0x000248e0       0x71 d:/mcuxpresso/mcuxpressoide_11.9.0_2144/ide/plugins/com.nxp.mcuxpresso.tools.win32_11.9.0.202307121226/tools/bin/../lib/gcc/arm-none-eabi/12.3.1/../../../../arm-none-eabi/lib/thumb/v8-m.main+fp/hard\libcr_c.a(_cr_check_heap.o)
 .debug_info    0x00024951      0x23a d:/mcuxpresso/mcuxpressoide_11.9.0_2144/ide/plugins/com.nxp.mcuxpresso.tools.win32_11.9.0.202307121226/tools/bin/../lib/gcc/arm-none-eabi/12.3.1/../../../../arm-none-eabi/lib/thumb/v8-m.main+fp/hard\libcr_c.a(_do_fflush.o)
 .debug_info    0x00024b8b      0x18b d:/mcuxpresso/mcuxpressoide_11.9.0_2144/ide/plugins/com.nxp.mcuxpresso.tools.win32_11.9.0.202307121226/tools/bin/../lib/gcc/arm-none-eabi/12.3.1/../../../../arm-none-eabi/lib/thumb/v8-m.main+fp/hard\libcr_nohost_nf.a(__ciob.o)
 .debug_info    0x00024d16       0x38 d:/mcuxpresso/mcuxpressoide_11.9.0_2144/ide/plugins/com.nxp.mcuxpresso.tools.win32_11.9.0.202307121226/tools/bin/../lib/gcc/arm-none-eabi/12.3.1/../../../../arm-none-eabi/lib/thumb/v8-m.main+fp/hard\libcr_nohost_nf.a(__sys_appexit.o)
 .debug_info    0x00024d4e       0x5c d:/mcuxpresso/mcuxpressoide_11.9.0_2144/ide/plugins/com.nxp.mcuxpresso.tools.win32_11.9.0.202307121226/tools/bin/../lib/gcc/arm-none-eabi/12.3.1/../../../../arm-none-eabi/lib/thumb/v8-m.main+fp/hard\libcr_nohost_nf.a(__sys_close.o)
 .debug_info    0x00024daa       0x5c d:/mcuxpresso/mcuxpressoide_11.9.0_2144/ide/plugins/com.nxp.mcuxpresso.tools.win32_11.9.0.202307121226/tools/bin/../lib/gcc/arm-none-eabi/12.3.1/../../../../arm-none-eabi/lib/thumb/v8-m.main+fp/hard\libcr_nohost_nf.a(__sys_flen.o)
 .debug_info    0x00024e06       0x5c d:/mcuxpresso/mcuxpressoide_11.9.0_2144/ide/plugins/com.nxp.mcuxpresso.tools.win32_11.9.0.202307121226/tools/bin/../lib/gcc/arm-none-eabi/12.3.1/../../../../arm-none-eabi/lib/thumb/v8-m.main+fp/hard\libcr_nohost_nf.a(__sys_istty.o)
 .debug_info    0x00024e62       0x7c d:/mcuxpresso/mcuxpressoide_11.9.0_2144/ide/plugins/com.nxp.mcuxpresso.tools.win32_11.9.0.202307121226/tools/bin/../lib/gcc/arm-none-eabi/12.3.1/../../../../arm-none-eabi/lib/thumb/v8-m.main+fp/hard\libcr_nohost_nf.a(__sys_remove.o)
 .debug_info    0x00024ede       0x6a d:/mcuxpresso/mcuxpressoide_11.9.0_2144/ide/plugins/com.nxp.mcuxpresso.tools.win32_11.9.0.202307121226/tools/bin/../lib/gcc/arm-none-eabi/12.3.1/../../../../arm-none-eabi/lib/thumb/v8-m.main+fp/hard\libcr_nohost_nf.a(__sys_seek.o)
 .debug_info    0x00024f48       0x85 d:/mcuxpresso/mcuxpressoide_11.9.0_2144/ide/plugins/com.nxp.mcuxpresso.tools.win32_11.9.0.202307121226/tools/bin/../lib/gcc/arm-none-eabi/12.3.1/../../../../arm-none-eabi/lib/thumb/v8-m.main+fp/hard\libcr_nohost_nf.a(__sys_tmpnam.o)
 .debug_info    0x00024fcd       0x85 d:/mcuxpresso/mcuxpressoide_11.9.0_2144/ide/plugins/com.nxp.mcuxpresso.tools.win32_11.9.0.202307121226/tools/bin/../lib/gcc/arm-none-eabi/12.3.1/../../../../arm-none-eabi/lib/thumb/v8-m.main+fp/hard\libcr_nohost_nf.a(__sys_write.o)

.debug_abbrev   0x00000000     0x5d85
 .debug_abbrev  0x00000000       0x90 ./utilities/fsl_assert.o
 .debug_abbrev  0x00000090      0x270 ./utilities/fsl_debug_console.o
 .debug_abbrev  0x00000300      0x270 ./utilities/fsl_str.o
 .debug_abbrev  0x00000570      0x147 ./startup/startup_lpc55s69_cm33_core0.o
 .debug_abbrev  0x000006b7      0x2c1 ./source/ToF.o
 .debug_abbrev  0x00000978      0x155 ./source/arm_svm_example.o
 .debug_abbrev  0x00000acd      0x2ee ./source/oled.o
 .debug_abbrev  0x00000dbb      0x228 ./source/platform.o
 .debug_abbrev  0x00000fe3       0x31 ./source/semihost_hardfault.o
 .debug_abbrev  0x00001014      0x2e5 ./source/vl53l5cx_api.o
 .debug_abbrev  0x000012f9      0x3a8 ./drivers/fsl_clock.o
 .debug_abbrev  0x000016a1       0xba ./drivers/fsl_common_arm.o
 .debug_abbrev  0x0000175b      0x2ed ./drivers/fsl_flexcomm.o
 .debug_abbrev  0x00001a48      0x244 ./drivers/fsl_gpio.o
 .debug_abbrev  0x00001c8c      0x395 ./drivers/fsl_i2c.o
 .debug_abbrev  0x00002021      0x1d7 ./drivers/fsl_inputmux.o
 .debug_abbrev  0x000021f8      0x307 ./drivers/fsl_pint.o
 .debug_abbrev  0x000024ff      0x368 ./drivers/fsl_power.o
 .debug_abbrev  0x00002867      0x182 ./drivers/fsl_reset.o
 .debug_abbrev  0x000029e9      0x34f ./drivers/fsl_usart.o
 .debug_abbrev  0x00002d38      0x216 ./device/system_LPC55S69_cm33_core0.o
 .debug_abbrev  0x00002f4e      0x22b ./component/uart/fsl_adapter_usart.o
 .debug_abbrev  0x00003179      0x2b7 ./component/serial_manager/fsl_component_serial_manager.o
 .debug_abbrev  0x00003430      0x18c ./component/serial_manager/fsl_component_serial_port_uart.o
 .debug_abbrev  0x000035bc      0x113 ./board/board.o
 .debug_abbrev  0x000036cf      0x226 ./board/clock_config.o
 .debug_abbrev  0x000038f5      0x1c2 ./board/peripherals.o
 .debug_abbrev  0x00003ab7      0x2bd ./board/pin_mux.o
 .debug_abbrev  0x00003d74      0x17e ./CMSIS/DSP/Source/SVMFunctions/SVMFunctions.o
 .debug_abbrev  0x00003ef2       0x70 d:/mcuxpresso/mcuxpressoide_11.9.0_2144/ide/plugins/com.nxp.mcuxpresso.tools.win32_11.9.0.202307121226/tools/bin/../lib/gcc/arm-none-eabi/12.3.1/../../../../arm-none-eabi/lib/thumb/v8-m.main+fp/hard\libcr_nohost_nf.a(_cr__main.o)
 .debug_abbrev  0x00003f62       0xb6 d:/mcuxpresso/mcuxpressoide_11.9.0_2144/ide/plugins/com.nxp.mcuxpresso.tools.win32_11.9.0.202307121226/tools/bin/../lib/gcc/arm-none-eabi/12.3.1/../../../../arm-none-eabi/lib/thumb/v8-m.main+fp/hard\libcr_c.a(memcpy.o)
 .debug_abbrev  0x00004018       0xa8 d:/mcuxpresso/mcuxpressoide_11.9.0_2144/ide/plugins/com.nxp.mcuxpresso.tools.win32_11.9.0.202307121226/tools/bin/../lib/gcc/arm-none-eabi/12.3.1/../../../../arm-none-eabi/lib/thumb/v8-m.main+fp/hard\libcr_c.a(memset.o)
 .debug_abbrev  0x000040c0      0x284 d:/mcuxpresso/mcuxpressoide_11.9.0_2144/ide/plugins/com.nxp.mcuxpresso.tools.win32_11.9.0.202307121226/tools/bin/../lib/gcc/arm-none-eabi/12.3.1/../../../../arm-none-eabi/lib/thumb/v8-m.main+fp/hard\libcr_c.a(alloc.o)
 .debug_abbrev  0x00004344       0x44 d:/mcuxpresso/mcuxpressoide_11.9.0_2144/ide/plugins/com.nxp.mcuxpresso.tools.win32_11.9.0.202307121226/tools/bin/../lib/gcc/arm-none-eabi/12.3.1/../../../../arm-none-eabi/lib/thumb/v8-m.main+fp/hard\libcr_c.a(errno.o)
 .debug_abbrev  0x00004388      0x169 d:/mcuxpresso/mcuxpressoide_11.9.0_2144/ide/plugins/com.nxp.mcuxpresso.tools.win32_11.9.0.202307121226/tools/bin/../lib/gcc/arm-none-eabi/12.3.1/../../../../arm-none-eabi/lib/thumb/v8-m.main+fp/hard\libcr_c.a(initio.o)
 .debug_abbrev  0x000044f1      0x3c7 d:/mcuxpresso/mcuxpressoide_11.9.0_2144/ide/plugins/com.nxp.mcuxpresso.tools.win32_11.9.0.202307121226/tools/bin/../lib/gcc/arm-none-eabi/12.3.1/../../../../arm-none-eabi/lib/thumb/v8-m.main+fp/hard\libcr_c.a(printf.o)
 .debug_abbrev  0x000048b8       0xe1 d:/mcuxpresso/mcuxpressoide_11.9.0_2144/ide/plugins/com.nxp.mcuxpresso.tools.win32_11.9.0.202307121226/tools/bin/../lib/gcc/arm-none-eabi/12.3.1/../../../../arm-none-eabi/lib/thumb/v8-m.main+fp/hard\libcr_c.a(setvbuf.o)
 .debug_abbrev  0x00004999      0x2b7 d:/mcuxpresso/mcuxpressoide_11.9.0_2144/ide/plugins/com.nxp.mcuxpresso.tools.win32_11.9.0.202307121226/tools/bin/../lib/gcc/arm-none-eabi/12.3.1/../../../../arm-none-eabi/lib/thumb/v8-m.main+fp/hard\libcr_c.a(stdlib.o)
 .debug_abbrev  0x00004c50       0xa7 d:/mcuxpresso/mcuxpressoide_11.9.0_2144/ide/plugins/com.nxp.mcuxpresso.tools.win32_11.9.0.202307121226/tools/bin/../lib/gcc/arm-none-eabi/12.3.1/../../../../arm-none-eabi/lib/thumb/v8-m.main+fp/hard\libcr_c.a(strlen.o)
 .debug_abbrev  0x00004cf7       0xaf d:/mcuxpresso/mcuxpressoide_11.9.0_2144/ide/plugins/com.nxp.mcuxpresso.tools.win32_11.9.0.202307121226/tools/bin/../lib/gcc/arm-none-eabi/12.3.1/../../../../arm-none-eabi/lib/thumb/v8-m.main+fp/hard\libcr_c.a(__init_alloc.o)
 .debug_abbrev  0x00004da6       0xd3 d:/mcuxpresso/mcuxpressoide_11.9.0_2144/ide/plugins/com.nxp.mcuxpresso.tools.win32_11.9.0.202307121226/tools/bin/../lib/gcc/arm-none-eabi/12.3.1/../../../../arm-none-eabi/lib/thumb/v8-m.main+fp/hard\libcr_c.a(_cr_sbrk.o)
 .debug_abbrev  0x00004e79      0x152 d:/mcuxpresso/mcuxpressoide_11.9.0_2144/ide/plugins/com.nxp.mcuxpresso.tools.win32_11.9.0.202307121226/tools/bin/../lib/gcc/arm-none-eabi/12.3.1/../../../../arm-none-eabi/lib/thumb/v8-m.main+fp/hard\libcr_c.a(_deferredlazyseek.o)
 .debug_abbrev  0x00004fcb      0x119 d:/mcuxpresso/mcuxpressoide_11.9.0_2144/ide/plugins/com.nxp.mcuxpresso.tools.win32_11.9.0.202307121226/tools/bin/../lib/gcc/arm-none-eabi/12.3.1/../../../../arm-none-eabi/lib/thumb/v8-m.main+fp/hard\libcr_c.a(_fdopen.o)
 .debug_abbrev  0x000050e4       0xf1 d:/mcuxpresso/mcuxpressoide_11.9.0_2144/ide/plugins/com.nxp.mcuxpresso.tools.win32_11.9.0.202307121226/tools/bin/../lib/gcc/arm-none-eabi/12.3.1/../../../../arm-none-eabi/lib/thumb/v8-m.main+fp/hard\libcr_c.a(_fflush.o)