C:\Users\MaxxOleksy\Documents\MCUXpressoIDE_11.9.0_2144\workspace\ToF\CMSIS/core_cm33.h:2378:22:__NVIC_EnableIRQ	16	static
C:\Users\MaxxOleksy\Documents\MCUXpressoIDE_11.9.0_2144\workspace\ToF\CMSIS/core_cm33.h:2416:22:__NVIC_DisableIRQ	16	static
C:\Users\MaxxOleksy\Documents\MCUXpressoIDE_11.9.0_2144\workspace\ToF\CMSIS/core_cm33.h:2469:22:__NVIC_ClearPendingIRQ	16	static
../drivers/fsl_clock.h:983:20:CLOCK_EnableClock	24	static
../drivers/fsl_clock.h:993:20:CLOCK_DisableClock	24	static
../drivers/fsl_common_arm.h:499:24:EnableIRQ	24	static
../drivers/fsl_common_arm.h:543:24:DisableIRQ	24	static
../drivers/fsl_pint.h:284:20:PINT_PinInterruptClrFallFlag	16	static
../drivers/fsl_pint.h:343:20:PINT_PinInterruptClrRiseFlag	16	static
../drivers/fsl_pint.c:48:6:PINT_Init	32	static
../drivers/fsl_pint.c:165:6:PINT_PinInterruptConfig	24	static
../drivers/fsl_pint.c:222:6:PINT_PinInterruptGetConfig	32	static
../drivers/fsl_pint.c:300:6:PINT_PatternMatchConfig	48	static
../drivers/fsl_pint.c:365:6:PINT_PatternMatchGetConfig	40	static
../drivers/fsl_pint.c:417:10:PINT_PatternMatchResetDetectLogic	32	static
../drivers/fsl_pint.c:444:6:PINT_PinInterruptClrStatus	24	static
../drivers/fsl_pint.c:465:6:PINT_PinInterruptClrStatusAll	40	static
../drivers/fsl_pint.c:509:6:PINT_EnableCallback	24	static
../drivers/fsl_pint.c:547:6:PINT_EnableCallbackByIndex	16	static
../drivers/fsl_pint.c:576:6:PINT_DisableCallback	24	static
../drivers/fsl_pint.c:614:6:PINT_DisableCallbackByIndex	16	static
../drivers/fsl_pint.c:643:6:PINT_Deinit	24	static
../drivers/fsl_pint.c:740:6:SEC_GPIO_INT0_IRQ0_DriverIRQHandler	16	static
../drivers/fsl_pint.c:762:6:SEC_GPIO_INT0_IRQ1_DriverIRQHandler	16	static
../drivers/fsl_pint.c:785:6:PIN_INT0_DriverIRQHandler	16	static
../drivers/fsl_pint.c:806:6:PIN_INT1_DriverIRQHandler	16	static
../drivers/fsl_pint.c:828:6:PIN_INT2_DriverIRQHandler	16	static
../drivers/fsl_pint.c:850:6:PIN_INT3_DriverIRQHandler	16	static
../drivers/fsl_pint.c:872:6:PIN_INT4_DriverIRQHandler	16	static
../drivers/fsl_pint.c:898:6:PIN_INT5_DriverIRQHandler	16	static
../drivers/fsl_pint.c:925:6:PIN_INT6_DriverIRQHandler	16	static
../drivers/fsl_pint.c:952:6:PIN_INT7_DriverIRQHandler	16	static
